Component: ARM Compiler 5.06 update 6 (build 750) Tool: armlink [4d35ed]

==============================================================================

Section Cross References

    startup_stm32f407xx.o(STACK) refers (Special) to heapauxi.o(.text) for __use_two_region_memory
    startup_stm32f407xx.o(HEAP) refers (Special) to heapauxi.o(.text) for __use_two_region_memory
    startup_stm32f407xx.o(RESET) refers (Special) to heapauxi.o(.text) for __use_two_region_memory
    startup_stm32f407xx.o(RESET) refers to startup_stm32f407xx.o(STACK) for __initial_sp
    startup_stm32f407xx.o(RESET) refers to startup_stm32f407xx.o(.text) for Reset_Handler
    startup_stm32f407xx.o(RESET) refers to stm32f4xx_it.o(i.NMI_Handler) for NMI_Handler
    startup_stm32f407xx.o(RESET) refers to stm32f4xx_it.o(i.HardFault_Handler) for HardFault_Handler
    startup_stm32f407xx.o(RESET) refers to stm32f4xx_it.o(i.MemManage_Handler) for MemManage_Handler
    startup_stm32f407xx.o(RESET) refers to stm32f4xx_it.o(i.BusFault_Handler) for BusFault_Handler
    startup_stm32f407xx.o(RESET) refers to stm32f4xx_it.o(i.UsageFault_Handler) for UsageFault_Handler
    startup_stm32f407xx.o(RESET) refers to stm32f4xx_it.o(i.SVC_Handler) for SVC_Handler
    startup_stm32f407xx.o(RESET) refers to stm32f4xx_it.o(i.DebugMon_Handler) for DebugMon_Handler
    startup_stm32f407xx.o(RESET) refers to stm32f4xx_it.o(i.PendSV_Handler) for PendSV_Handler
    startup_stm32f407xx.o(RESET) refers to stm32f4xx_it.o(i.SysTick_Handler) for SysTick_Handler
    startup_stm32f407xx.o(RESET) refers to stm32f4xx_it.o(i.EXTI0_IRQHandler) for EXTI0_IRQHandler
    startup_stm32f407xx.o(RESET) refers to stm32f4xx_it.o(i.TIM2_IRQHandler) for TIM2_IRQHandler
    startup_stm32f407xx.o(RESET) refers to stm32f4xx_it.o(i.TIM3_IRQHandler) for TIM3_IRQHandler
    startup_stm32f407xx.o(RESET) refers to stm32f4xx_it.o(i.TIM4_IRQHandler) for TIM4_IRQHandler
    startup_stm32f407xx.o(RESET) refers to stm32f4xx_it.o(i.USART1_IRQHandler) for USART1_IRQHandler
    startup_stm32f407xx.o(.text) refers (Special) to heapauxi.o(.text) for __use_two_region_memory
    startup_stm32f407xx.o(.text) refers to system_stm32f4xx.o(i.SystemInit) for SystemInit
    startup_stm32f407xx.o(.text) refers to __main.o(!!!main) for __main
    startup_stm32f407xx.o(.text) refers to startup_stm32f407xx.o(HEAP) for Heap_Mem
    startup_stm32f407xx.o(.text) refers to startup_stm32f407xx.o(STACK) for Stack_Mem
    main.o(i._Z18SystemClock_Configv) refers to rt_memclr_w.o(.text) for __aeabi_memclr4
    main.o(i._Z18SystemClock_Configv) refers to stm32f4xx_hal_rcc.o(i.HAL_RCC_OscConfig) for HAL_RCC_OscConfig
    main.o(i._Z18SystemClock_Configv) refers to main.o(i.Error_Handler) for Error_Handler
    main.o(i._Z18SystemClock_Configv) refers to stm32f4xx_hal_rcc.o(i.HAL_RCC_ClockConfig) for HAL_RCC_ClockConfig
    main.o(i.__sti___6_main_c_chassis) refers to main.o(i._ZN7ChassisC1Eii) for Chassis::Chassis(int, int)
    main.o(i.__sti___6_main_c_chassis) refers to main.o(.bss) for chassis
    main.o(i.__sti___6_main_c_chassis) refers to main.o(.data) for flagset
    main.o(i.main) refers to stm32f4xx_hal.o(i.HAL_Init) for HAL_Init
    main.o(i.main) refers to main.o(i._Z18SystemClock_Configv) for SystemClock_Config()
    main.o(i.main) refers to gpio.o(i.MX_GPIO_Init) for MX_GPIO_Init
    main.o(i.main) refers to tim.o(i.MX_TIM5_Init) for MX_TIM5_Init
    main.o(i.main) refers to tim.o(i.MX_TIM3_Init) for MX_TIM3_Init
    main.o(i.main) refers to tim.o(i.MX_TIM4_Init) for MX_TIM4_Init
    main.o(i.main) refers to usart.o(i.MX_USART1_UART_Init) for MX_USART1_UART_Init
    main.o(i.main) refers to tim.o(i.MX_TIM2_Init) for MX_TIM2_Init
    main.o(i.main) refers to tim.o(i.MX_TIM1_Init) for MX_TIM1_Init
    main.o(i.main) refers to stm32f4xx_hal_tim.o(i.HAL_TIM_PWM_Start) for HAL_TIM_PWM_Start
    main.o(i.main) refers to stm32f4xx_hal_tim.o(i.HAL_TIM_Base_Start_IT) for HAL_TIM_Base_Start_IT
    main.o(i.main) refers to stm32f4xx_hal_uart.o(i.HAL_UART_Receive_IT) for HAL_UART_Receive_IT
    main.o(i.main) refers to stm32f4xx_hal.o(i.HAL_Delay) for HAL_Delay
    main.o(i.main) refers to chassis.o(i._ZN7Chassis14Move_TransfromEv) for Chassis::Move_Transfrom()
    main.o(i.main) refers to chassis.o(i._ZN7Chassis14do_motor_speedEv) for Chassis::do_motor_speed()
    main.o(i.main) refers to chassis.o(i._ZN7Chassis11set_all_defEv) for Chassis::set_all_def()
    main.o(i.main) refers to chassis.o(i._ZN7Chassis15do_motor_outputEv) for Chassis::do_motor_output()
    main.o(i.main) refers to tim.o(.bss) for htim5
    main.o(i.main) refers to usart.o(.bss) for huart1
    main.o(i.main) refers to main.o(.bss) for pwmdata
    main.o(i.main) refers to main.o(.data) for flagset
    main.o(i.main) refers to stm32f4xx_it.o(.data) for counteri
    main.o(.ARM.exidx) refers to main.o(i.Error_Handler) for i.Error_Handler
    main.o(.ARM.exidx) refers to main.o(i._Z18SystemClock_Configv) for i._Z18SystemClock_Configv
[...]
    .ARM.Collect$$libinit$$0000001D          0x08000202   Section        0  libinit2.o(.ARM.Collect$$libinit$$0000001D)
    .ARM.Collect$$libinit$$0000001F          0x08000202   Section        0  libinit2.o(.ARM.Collect$$libinit$$0000001F)
    .ARM.Collect$$libinit$$00000021          0x08000202   Section        0  libinit2.o(.ARM.Collect$$libinit$$00000021)
    .ARM.Collect$$libinit$$00000023          0x08000202   Section        0  libinit2.o(.ARM.Collect$$libinit$$00000023)
    .ARM.Collect$$libinit$$00000025          0x08000202   Section        0  libinit2.o(.ARM.Collect$$libinit$$00000025)
    .ARM.Collect$$libinit$$0000002C          0x08000202   Section        0  libinit2.o(.ARM.Collect$$libinit$$0000002C)
    .ARM.Collect$$libinit$$0000002E          0x08000202   Section        0  libinit2.o(.ARM.Collect$$libinit$$0000002E)
    .ARM.Collect$$libinit$$00000030          0x08000202   Section        0  libinit2.o(.ARM.Collect$$libinit$$00000030)
    .ARM.Collect$$libinit$$00000031          0x08000202   Section        4  libinit2.o(.ARM.Collect$$libinit$$00000031)
    .ARM.Collect$$libinit$$00000032          0x08000206   Section        0  libinit2.o(.ARM.Collect$$libinit$$00000032)
    .ARM.Collect$$libinit$$00000033          0x08000206   Section        2  libinit2.o(.ARM.Collect$$libinit$$00000033)
    .ARM.Collect$$libshutdown$$00000000      0x08000208   Section        2  libshutdown.o(.ARM.Collect$$libshutdown$$00000000)
    .ARM.Collect$$libshutdown$$00000002      0x0800020a   Section        0  libshutdown2.o(.ARM.Collect$$libshutdown$$00000002)
    .ARM.Collect$$libshutdown$$00000004      0x0800020a   Section        0  libshutdown2.o(.ARM.Collect$$libshutdown$$00000004)
    .ARM.Collect$$libshutdown$$00000007      0x0800020a   Section        0  libshutdown2.o(.ARM.Collect$$libshutdown$$00000007)
    .ARM.Collect$$libshutdown$$0000000A      0x0800020a   Section        0  libshutdown2.o(.ARM.Collect$$libshutdown$$0000000A)
    .ARM.Collect$$libshutdown$$0000000C      0x0800020a   Section        0  libshutdown2.o(.ARM.Collect$$libshutdown$$0000000C)
    .ARM.Collect$$libshutdown$$0000000F      0x0800020a   Section        0  libshutdown2.o(.ARM.Collect$$libshutdown$$0000000F)
    .ARM.Collect$$libshutdown$$00000010      0x0800020a   Section        2  libshutdown2.o(.ARM.Collect$$libshutdown$$00000010)
    .ARM.Collect$$rtentry$$00000000          0x0800020c   Section        0  __rtentry.o(.ARM.Collect$$rtentry$$00000000)
    .ARM.Collect$$rtentry$$00000002          0x0800020c   Section        0  __rtentry2.o(.ARM.Collect$$rtentry$$00000002)
    .ARM.Collect$$rtentry$$00000004          0x0800020c   Section        6  __rtentry4.o(.ARM.Collect$$rtentry$$00000004)
    .ARM.Collect$$rtentry$$00000009          0x08000212   Section        0  __rtentry2.o(.ARM.Collect$$rtentry$$00000009)
    .ARM.Collect$$rtentry$$0000000A          0x08000212   Section        4  __rtentry2.o(.ARM.Collect$$rtentry$$0000000A)
    .ARM.Collect$$rtentry$$0000000C          0x08000216   Section        0  __rtentry2.o(.ARM.Collect$$rtentry$$0000000C)
    .ARM.Collect$$rtentry$$0000000D          0x08000216   Section        8  __rtentry2.o(.ARM.Collect$$rtentry$$0000000D)
    .ARM.Collect$$rtexit$$00000000           0x0800021e   Section        2  rtexit.o(.ARM.Collect$$rtexit$$00000000)
    .ARM.Collect$$rtexit$$00000002           0x08000220   Section        0  rtexit2.o(.ARM.Collect$$rtexit$$00000002)
    .ARM.Collect$$rtexit$$00000003           0x08000220   Section        4  rtexit2.o(.ARM.Collect$$rtexit$$00000003)
    .ARM.Collect$$rtexit$$00000004           0x08000224   Section        6  rtexit2.o(.ARM.Collect$$rtexit$$00000004)
    .text                                    0x0800022c   Section       64  startup_stm32f407xx.o(.text)
    $v0                                      0x0800022c   Number         0  startup_stm32f407xx.o(.text)
    .text                                    0x0800026c   Section      238  lludivv7m.o(.text)
    .text                                    0x0800035a   Section       78  rt_memclr_w.o(.text)
    .text                                    0x080003a8   Section        0  heapauxi.o(.text)
    .text                                    0x080003b0   Section        0  init_aeabi.o(.text)
    .text                                    0x080003d4   Section       74  sys_stackheap_outer.o(.text)
    .text                                    0x0800041e   Section        0  exit.o(.text)
    .text                                    0x08000430   Section        8  libspace.o(.text)
    .text                                    0x08000438   Section        0  sys_exit.o(.text)
    .text                                    0x08000444   Section        2  use_no_semi.o(.text)
    .text                                    0x08000446   Section        0  indicate_semi.o(.text)
    i.BusFault_Handler                       0x08000446   Section        0  stm32f4xx_it.o(i.BusFault_Handler)
    i.DebugMon_Handler                       0x0800044a   Section        0  stm32f4xx_it.o(i.DebugMon_Handler)
    i.EXTI0_IRQHandler                       0x0800044c   Section        0  stm32f4xx_it.o(i.EXTI0_IRQHandler)
    i.Error_Handler                          0x08000456   Section        0  main.o(i.Error_Handler)
    i.HAL_DMA_Abort                          0x0800045c   Section        0  stm32f4xx_hal_dma.o(i.HAL_DMA_Abort)
    i.HAL_DMA_Abort_IT                       0x08000508   Section        0  stm32f4xx_hal_dma.o(i.HAL_DMA_Abort_IT)
    i.HAL_Delay                              0x08000530   Section        0  stm32f4xx_hal.o(i.HAL_Delay)
    i.HAL_GPIO_EXTI_Callback                 0x08000558   Section        0  stm32f4xx_it.o(i.HAL_GPIO_EXTI_Callback)
    i.HAL_GPIO_EXTI_IRQHandler               0x080005a0   Section        0  stm32f4xx_hal_gpio.o(i.HAL_GPIO_EXTI_IRQHandler)
    i.HAL_GPIO_Init                          0x080005bc   Section        0  stm32f4xx_hal_gpio.o(i.HAL_GPIO_Init)
    i.HAL_GPIO_WritePin                      0x080007b0   Section        0  stm32f4xx_hal_gpio.o(i.HAL_GPIO_WritePin)
    i.HAL_GetTick                            0x080007bc   Section        0  stm32f4xx_hal.o(i.HAL_GetTick)
    i.HAL_IncTick                            0x080007c8   Section        0  stm32f4xx_hal.o(i.HAL_IncTick)
    i.HAL_Init                               0x080007e0   Section        0  stm32f4xx_hal.o(i.HAL_Init)
    i.HAL_InitTick                           0x0800081c   Section        0  stm32f4xx_hal.o(i.HAL_InitTick)
    i.HAL_MspInit                            0x08000868   Section        0  stm32f4xx_hal_msp.o(i.HAL_MspInit)
    i.HAL_NVIC_EnableIRQ                     0x080008b0   Section        0  stm32f4xx_hal_cortex.o(i.HAL_NVIC_EnableIRQ)
    i.HAL_NVIC_SetPriority                   0x080008d0   Section        0  stm32f4xx_hal_cortex.o(i.HAL_NVIC_SetPriority)
    i.HAL_NVIC_SetPriorityGrouping           0x0800094c   Section        0  stm32f4xx_hal_cortex.o(i.HAL_NVIC_SetPriorityGrouping)
    i.HAL_RCC_ClockConfig                    0x08000974   Section        0  stm32f4xx_hal_rcc.o(i.HAL_RCC_ClockConfig)
    i.HAL_RCC_GetHCLKFreq                    0x08000af8   Section        0  stm32f4xx_hal_rcc.o(i.HAL_RCC_GetHCLKFreq)
    i.HAL_RCC_GetPCLK1Freq                   0x08000b04   Section        0  stm32f4xx_hal_rcc.o(i.HAL_RCC_GetPCLK1Freq)
    i.HAL_RCC_GetPCLK2Freq                   0x08000b24   Section        0  stm32f4xx_hal_rcc.o(i.HAL_RCC_GetPCLK2Freq)
    i.HAL_RCC_GetSysClockFreq                0x08000b44   Section        0  stm32f4xx_hal_rcc.o(i.HAL_RCC_GetSysClockFreq)
    i.HAL_RCC_OscConfig                      0x08000bf4   Section        0  stm32f4xx_hal_rcc.o(i.HAL_RCC_OscConfig)
    i.HAL_SYSTICK_Config                     0x08001090   Section        0  stm32f4xx_hal_cortex.o(i.HAL_SYSTICK_Config)
    i.HAL_TIMEx_BreakCallback                0x080010c4   Section        0  stm32f4xx_hal_tim_ex.o(i.HAL_TIMEx_BreakCallback)
    i.HAL_TIMEx_CommutCallback               0x080010c6   Section        0  stm32f4xx_hal_tim_ex.o(i.HAL_TIMEx_CommutCallback)
    i.HAL_TIMEx_MasterConfigSynchronization  0x080010c8   Section        0  stm32f4xx_hal_tim_ex.o(i.HAL_TIMEx_MasterConfigSynchronization)
    i.HAL_TIM_Base_Init                      0x0800117c   Section        0  stm32f4xx_hal_tim.o(i.HAL_TIM_Base_Init)
    i.HAL_TIM_Base_MspInit                   0x080011e4   Section        0  tim.o(i.HAL_TIM_Base_MspInit)
    i.HAL_TIM_Base_Start_IT                  0x080012dc   Section        0  stm32f4xx_hal_tim.o(i.HAL_TIM_Base_Start_IT)
    i.HAL_TIM_ConfigClockSource              0x08001384   Section        0  stm32f4xx_hal_tim.o(i.HAL_TIM_ConfigClockSource)
    i.HAL_TIM_IC_CaptureCallback             0x08001490   Section        0  stm32f4xx_hal_tim.o(i.HAL_TIM_IC_CaptureCallback)
    i.HAL_TIM_IRQHandler                     0x08001492   Section        0  stm32f4xx_hal_tim.o(i.HAL_TIM_IRQHandler)
    i.HAL_TIM_MspPostInit                    0x08001628   Section        0  tim.o(i.HAL_TIM_MspPostInit)
    i.HAL_TIM_OC_DelayElapsedCallback        0x08001688   Section        0  stm32f4xx_hal_tim.o(i.HAL_TIM_OC_DelayElapsedCallback)
    i.HAL_TIM_PWM_ConfigChannel              0x0800168a   Section        0  stm32f4xx_hal_tim.o(i.HAL_TIM_PWM_ConfigChannel)
    i.HAL_TIM_PWM_Init                       0x0800178e   Section        0  stm32f4xx_hal_tim.o(i.HAL_TIM_PWM_Init)
    i.HAL_TIM_PWM_MspInit                    0x080017f4   Section        0  tim.o(i.HAL_TIM_PWM_MspInit)
    i.HAL_TIM_PWM_PulseFinishedCallback      0x08001828   Section        0  stm32f4xx_hal_tim.o(i.HAL_TIM_PWM_PulseFinishedCallback)
    i.HAL_TIM_PWM_Start                      0x0800182c   Section        0  stm32f4xx_hal_tim.o(i.HAL_TIM_PWM_Start)
    i.HAL_TIM_PeriodElapsedCallback          0x08001938   Section        0  stm32f4xx_hal_tim.o(i.HAL_TIM_PeriodElapsedCallback)
    i.HAL_TIM_TriggerCallback                0x0800193a   Section        0  stm32f4xx_hal_tim.o(i.HAL_TIM_TriggerCallback)
    i.HAL_UARTEx_RxEventCallback             0x0800193c   Section        0  stm32f4xx_hal_uart.o(i.HAL_UARTEx_RxEventCallback)
    i.HAL_UART_AbortReceiveCpltCallback      0x0800193e   Section        0  stm32f4xx_hal_uart.o(i.HAL_UART_AbortReceiveCpltCallback)
    i.HAL_UART_AbortReceive_IT               0x08001940   Section        0  stm32f4xx_hal_uart.o(i.HAL_UART_AbortReceive_IT)
    i.HAL_UART_ErrorCallback                 0x08001a1c   Section        0  stm32f4xx_hal_uart.o(i.HAL_UART_ErrorCallback)
    i.HAL_UART_IRQHandler                    0x08001a20   Section        0  stm32f4xx_hal_uart.o(i.HAL_UART_IRQHandler)
    i.HAL_UART_Init                          0x08001d00   Section        0  stm32f4xx_hal_uart.o(i.HAL_UART_Init)
    i.HAL_UART_MspInit                       0x08001d74   Section        0  usart.o(i.HAL_UART_MspInit)
    i.HAL_UART_Receive_IT                    0x08001e0c   Section        0  stm32f4xx_hal_uart.o(i.HAL_UART_Receive_IT)
    i.HAL_UART_RxCpltCallback                0x08001e4e   Section        0  stm32f4xx_hal_uart.o(i.HAL_UART_RxCpltCallback)
    i.HAL_UART_TxCpltCallback                0x08001e50   Section        0  stm32f4xx_hal_uart.o(i.HAL_UART_TxCpltCallback)
    i.HardFault_Handler                      0x08001e52   Section        0  stm32f4xx_it.o(i.HardFault_Handler)
    i.MX_GPIO_Init                           0x08001e58   Section        0  gpio.o(i.MX_GPIO_Init)
    i.MX_TIM1_Init                           0x08002020   Section        0  tim.o(i.MX_TIM1_Init)
    i.MX_TIM2_Init                           0x08002090   Section        0  tim.o(i.MX_TIM2_Init)
    i.MX_TIM3_Init                           0x080020fc   Section        0  tim.o(i.MX_TIM3_Init)
    i.MX_TIM4_Init                           0x0800216c   Section        0  tim.o(i.MX_TIM4_Init)
    i.MX_TIM5_Init                           0x080021d8   Section        0  tim.o(i.MX_TIM5_Init)
    i.MX_USART1_UART_Init                    0x08002284   Section        0  usart.o(i.MX_USART1_UART_Init)
    i.MemManage_Handler                      0x080022bc   Section        0  stm32f4xx_it.o(i.MemManage_Handler)
    i.NMI_Handler                            0x080022c0   Section        0  stm32f4xx_it.o(i.NMI_Handler)
    i.PendSV_Handler                         0x080022c4   Section        0  stm32f4xx_it.o(i.PendSV_Handler)
    i.SVC_Handler                            0x080022c6   Section        0  stm32f4xx_it.o(i.SVC_Handler)
    i.SysTick_Handler                        0x080022c8   Section        0  stm32f4xx_it.o(i.SysTick_Handler)
    i.SystemInit                             0x080022d0   Section        0  system_stm32f4xx.o(i.SystemInit)
    i.TIM2_IRQHandler                        0x080022e4   Section        0  stm32f4xx_it.o(i.TIM2_IRQHandler)
    i.TIM3_IRQHandler                        0x0800236c   Section        0  stm32f4xx_it.o(i.TIM3_IRQHandler)
    i.TIM4_IRQHandler                        0x0800237c   Section        0  stm32f4xx_it.o(i.TIM4_IRQHandler)
    i.TIM_Base_SetConfig                     0x0800238c   Section        0  stm32f4xx_hal_tim.o(i.TIM_Base_SetConfig)
    i.TIM_CCxChannelCmd                      0x08002464   Section        0  stm32f4xx_hal_tim.o(i.TIM_CCxChannelCmd)
    i.TIM_ETR_SetConfig                      0x08002486   Section        0  stm32f4xx_hal_tim.o(i.TIM_ETR_SetConfig)
    i.TIM_OC2_SetConfig                      0x0800249c   Section        0  stm32f4xx_hal_tim.o(i.TIM_OC2_SetConfig)
    i.UART_Start_Receive_IT                  0x08002518   Section        0  stm32f4xx_hal_uart.o(i.UART_Start_Receive_IT)
    i.USART1_IRQHandler                      0x08002564   Section        0  stm32f4xx_it.o(i.USART1_IRQHandler)
    i.UsageFault_Handler                     0x080025b8   Section        0  stm32f4xx_it.o(i.UsageFault_Handler)
    i._Z18SystemClock_Configv                0x080025bc   Section        0  main.o(i._Z18SystemClock_Configv)
    i._ZN3PID14set_definitionEf              0x08002670   Section        0  pid.o(i._ZN3PID14set_definitionEf)
    i._ZN3PID6do_pidEv                       0x08002678   Section        0  pid.o(i._ZN3PID6do_pidEv)
    i._ZN3PID6setnowEf                       0x08002774   Section        0  pid.o(i._ZN3PID6setnowEf)
    i._ZN41_INTERNAL_19_stm32f4xx_hal_tim_c_a9d95b5217TIM_OC1_SetConfigEP11TIM_TypeDefP18TIM_OC_InitTypeDef 0x0800277c   Section        0  stm32f4xx_hal_tim.o(i._ZN41_INTERNAL_19_stm32f4xx_hal_tim_c_a9d95b5217TIM_OC1_SetConfigEP11TIM_TypeDefP18TIM_OC_InitTypeDef)
    [local to stm32f4xx_hal_tim_c]::TIM_OC1_SetConfig(TIM_TypeDef*, TIM_OC_InitTypeDef*) 0x0800277d   Thumb Code   104  stm32f4xx_hal_tim.o(i._ZN41_INTERNAL_19_stm32f4xx_hal_tim_c_a9d95b5217TIM_OC1_SetConfigEP11TIM_TypeDefP18TIM_OC_InitTypeDef)
    i._ZN41_INTERNAL_19_stm32f4xx_hal_tim_c_a9d95b5217TIM_OC3_SetConfigEP11TIM_TypeDefP18TIM_OC_InitTypeDef 0x080027ec   Section        0  stm32f4xx_hal_tim.o(i._ZN41_INTERNAL_19_stm32f4xx_hal_tim_c_a9d95b5217TIM_OC3_SetConfigEP11TIM_TypeDefP18TIM_OC_InitTypeDef)
    [local to stm32f4xx_hal_tim_c]::TIM_OC3_SetConfig(TIM_TypeDef*, TIM_OC_InitTypeDef*) 0x080027ed   Thumb Code   112  stm32f4xx_hal_tim.o(i._ZN41_INTERNAL_19_stm32f4xx_hal_tim_c_a9d95b5217TIM_OC3_SetConfigEP11TIM_TypeDefP18TIM_OC_InitTypeDef)
    i._ZN41_INTERNAL_19_stm32f4xx_hal_tim_c_a9d95b5217TIM_OC4_SetConfigEP11TIM_TypeDefP18TIM_OC_InitTypeDef 0x08002864   Section        0  stm32f4xx_hal_tim.o(i._ZN41_INTERNAL_19_stm32f4xx_hal_tim_c_a9d95b5217TIM_OC4_SetConfigEP11TIM_TypeDefP18TIM_OC_InitTypeDef)
    [local to stm32f4xx_hal_tim_c]::TIM_OC4_SetConfig(TIM_TypeDef*, TIM_OC_InitTypeDef*) 0x08002865   Thumb Code    74  stm32f4xx_hal_tim.o(i._ZN41_INTERNAL_19_stm32f4xx_hal_tim_c_a9d95b5217TIM_OC4_SetConfigEP11TIM_TypeDefP18TIM_OC_InitTypeDef)
    i._ZN41_INTERNAL_19_stm32f4xx_hal_tim_c_a9d95b5218TIM_ITRx_SetConfigEP11TIM_TypeDefj 0x080028b8   Section        0  stm32f4xx_hal_tim.o(i._ZN41_INTERNAL_19_stm32f4xx_hal_tim_c_a9d95b5218TIM_ITRx_SetConfigEP11TIM_TypeDefj)
    [local to stm32f4xx_hal_tim_c]::TIM_ITRx_SetConfig(TIM_TypeDef*, unsigned) 0x080028b9   Thumb Code    18  stm32f4xx_hal_tim.o(i._ZN41_INTERNAL_19_stm32f4xx_hal_tim_c_a9d95b5218TIM_ITRx_SetConfigEP11TIM_TypeDefj)
    i._ZN41_INTERNAL_19_stm32f4xx_hal_tim_c_a9d95b5224TIM_TI1_ConfigInputStageEP11TIM_TypeDefjj 0x080028ca   Section        0  stm32f4xx_hal_tim.o(i._ZN41_INTERNAL_19_stm32f4xx_hal_tim_c_a9d95b5224TIM_TI1_ConfigInputStageEP11TIM_TypeDefjj)
    [local to stm32f4xx_hal_tim_c]::TIM_TI1_ConfigInputStage(TIM_TypeDef*, unsigned, unsigned) 0x080028cb   Thumb Code    38  stm32f4xx_hal_tim.o(i._ZN41_INTERNAL_19_stm32f4xx_hal_tim_c_a9d95b5224TIM_TI1_ConfigInputStageEP11TIM_TypeDefjj)
    i._ZN41_INTERNAL_19_stm32f4xx_hal_tim_c_a9d95b5224TIM_TI2_ConfigInputStageEP11TIM_TypeDefjj 0x080028f0   Section        0  stm32f4xx_hal_tim.o(i._ZN41_INTERNAL_19_stm32f4xx_hal_tim_c_a9d95b5224TIM_TI2_ConfigInputStageEP11TIM_TypeDefjj)
    [local to stm32f4xx_hal_tim_c]::TIM_TI2_ConfigInputStage(TIM_TypeDef*, unsigned, unsigned) 0x080028f1   Thumb Code    40  stm32f4xx_hal_tim.o(i._ZN41_INTERNAL_19_stm32f4xx_hal_tim_c_a9d95b5224TIM_TI2_ConfigInputStageEP11TIM_TypeDefjj)
    i._ZN42_INTERNAL_20_stm32f4xx_hal_uart_c_d497114f14UART_SetConfigEP20__UART_HandleTypeDef 0x08002918   Section        0  stm32f4xx_hal_uart.o(i._ZN42_INTERNAL_20_stm32f4xx_hal_uart_c_d497114f14UART_SetConfigEP20__UART_HandleTypeDef)
    [local to stm32f4xx_hal_uart_c]::UART_SetConfig(__UART_HandleTypeDef*) 0x08002919   Thumb Code   546  stm32f4xx_hal_uart.o(i._ZN42_INTERNAL_20_stm32f4xx_hal_uart_c_d497114f14UART_SetConfigEP20__UART_HandleTypeDef)
    i._ZN42_INTERNAL_20_stm32f4xx_hal_uart_c_d497114f15UART_Receive_ITEP20__UART_HandleTypeDef 0x08002b44   Section        0  stm32f4xx_hal_uart.o(i._ZN42_INTERNAL_20_stm32f4xx_hal_uart_c_d497114f15UART_Receive_ITEP20__UART_HandleTypeDef)
    [local to stm32f4xx_hal_uart_c]::UART_Receive_IT(__UART_HandleTypeDef*) 0x08002b45   Thumb Code   248  stm32f4xx_hal_uart.o(i._ZN42_INTERNAL_20_stm32f4xx_hal_uart_c_d497114f15UART_Receive_ITEP20__UART_HandleTypeDef)
    i._ZN42_INTERNAL_20_stm32f4xx_hal_uart_c_d497114f16UART_Transmit_ITEP20__UART_HandleTypeDef 0x08002c3c   Section        0  stm32f4xx_hal_uart.o(i._ZN42_INTERNAL_20_stm32f4xx_hal_uart_c_d497114f16UART_Transmit_ITEP20__UART_HandleTypeDef)
    [local to stm32f4xx_hal_uart_c]::UART_Transmit_IT(__UART_HandleTypeDef*) 0x08002c3d   Thumb Code    96  stm32f4xx_hal_uart.o(i._ZN42_INTERNAL_20_stm32f4xx_hal_uart_c_d497114f16UART_Transmit_ITEP20__UART_HandleTypeDef)
    i._ZN42_INTERNAL_20_stm32f4xx_hal_uart_c_d497114f18UART_EndRxTransferEP20__UART_HandleTypeDef 0x08002c9c   Section        0  stm32f4xx_hal_uart.o(i._ZN42_INTERNAL_20_stm32f4xx_hal_uart_c_d497114f18UART_EndRxTransferEP20__UART_HandleTypeDef)
    [local to stm32f4xx_hal_uart_c]::UART_EndRxTransfer(__UART_HandleTypeDef*) 0x08002c9d   Thumb Code   108  stm32f4xx_hal_uart.o(i._ZN42_INTERNAL_20_stm32f4xx_hal_uart_c_d497114f18UART_EndRxTransferEP20__UART_HandleTypeDef)
    i._ZN42_INTERNAL_20_stm32f4xx_hal_uart_c_d497114f19UART_EndTransmit_ITEP20__UART_HandleTypeDef 0x08002d08   Section        0  stm32f4xx_hal_uart.o(i._ZN42_INTERNAL_20_stm32f4xx_hal_uart_c_d497114f19UART_EndTransmit_ITEP20__UART_HandleTypeDef)
    [local to stm32f4xx_hal_uart_c]::UART_EndTransmit_IT(__UART_HandleTypeDef*) 0x08002d09   Thumb Code    32  stm32f4xx_hal_uart.o(i._ZN42_INTERNAL_20_stm32f4xx_hal_uart_c_d497114f19UART_EndTransmit_ITEP20__UART_HandleTypeDef)
    i._ZN42_INTERNAL_20_stm32f4xx_hal_uart_c_d497114f20UART_DMAAbortOnErrorEP19__DMA_HandleTypeDef 0x08002d28   Section        0  stm32f4xx_hal_uart.o(i._ZN42_INTERNAL_20_stm32f4xx_hal_uart_c_d497114f20UART_DMAAbortOnErrorEP19__DMA_HandleTypeDef)
    [local to stm32f4xx_hal_uart_c]::UART_DMAAbortOnError(__DMA_HandleTypeDef*) 0x08002d29   Thumb Code    20  stm32f4xx_hal_uart.o(i._ZN42_INTERNAL_20_stm32f4xx_hal_uart_c_d497114f20UART_DMAAbortOnErrorEP19__DMA_HandleTypeDef)
    i._ZN42_INTERNAL_20_stm32f4xx_hal_uart_c_d497114f27UART_DMARxOnlyAbortCallbackEP19__DMA_HandleTypeDef 0x08002d3c   Section        0  stm32f4xx_hal_uart.o(i._ZN42_INTERNAL_20_stm32f4xx_hal_uart_c_d497114f27UART_DMARxOnlyAbortCallbackEP19__DMA_HandleTypeDef)
    [local to stm32f4xx_hal_uart_c]::UART_DMARxOnlyAbortCallback(__DMA_HandleTypeDef*) 0x08002d3d   Thumb Code    28  stm32f4xx_hal_uart.o(i._ZN42_INTERNAL_20_stm32f4xx_hal_uart_c_d497114f27UART_DMARxOnlyAbortCallbackEP19__DMA_HandleTypeDef)
    i._ZN44_INTERNAL_22_stm32f4xx_hal_cortex_c_2992dbc018__NVIC_SetPriorityE9IRQn_Typej 0x08002d58   Section        0  stm32f4xx_hal_cortex.o(i._ZN44_INTERNAL_22_stm32f4xx_hal_cortex_c_2992dbc018__NVIC_SetPriorityE9IRQn_Typej)
    [local to stm32f4xx_hal_cortex_c]::__NVIC_SetPriority(IRQn_Type, unsigned) 0x08002d59   Thumb Code    32  stm32f4xx_hal_cortex.o(i._ZN44_INTERNAL_22_stm32f4xx_hal_cortex_c_2992dbc018__NVIC_SetPriorityE9IRQn_Typej)
    i._ZN44_INTERNAL_22_stm32f4xx_hal_cortex_c_2992dbc026__NVIC_GetPriorityGroupingEv 0x08002d80   Section        0  stm32f4xx_hal_cortex.o(i._ZN44_INTERNAL_22_stm32f4xx_hal_cortex_c_2992dbc026__NVIC_GetPriorityGroupingEv)
    [local to stm32f4xx_hal_cortex_c]::__NVIC_GetPriorityGrouping() 0x08002d81   Thumb Code    10  stm32f4xx_hal_cortex.o(i._ZN44_INTERNAL_22_stm32f4xx_hal_cortex_c_2992dbc026__NVIC_GetPriorityGroupingEv)
    i._ZN5motor12Motor_OutputEP12GPIO_TypeDeftS1_tj 0x08002d90   Section        0  motor.o(i._ZN5motor12Motor_OutputEP12GPIO_TypeDeftS1_tj)
    i._ZN5motor13Motor_CounterEv             0x08002eb4   Section        0  motor.o(i._ZN5motor13Motor_CounterEv)
    i._ZN5motor13clear_counterEv             0x08002ebc   Section        0  motor.o(i._ZN5motor13clear_counterEv)
    i._ZN5motor14set_definitionEf            0x08002ec2   Section        0  motor.o(i._ZN5motor14set_definitionEf)
    i._ZN5motor9get_speedEv                  0x08002ec8   Section        0  motor.o(i._ZN5motor9get_speedEv)
    i._ZN5motorC1Ev                          0x08002ef0   Section        0  main.o(i._ZN5motorC1Ev)
    i._ZN7Chassis11set_all_defEv             0x08002f74   Section        0  chassis.o(i._ZN7Chassis11set_all_defEv)
    i._ZN7Chassis14Move_TransfromEv          0x08003014   Section        0  chassis.o(i._ZN7Chassis14Move_TransfromEv)
    i._ZN7Chassis14do_motor_speedEv          0x08003300   Section        0  chassis.o(i._ZN7Chassis14do_motor_speedEv)
    i._ZN7Chassis15do_motor_outputEv         0x08003348   Section        0  chassis.o(i._ZN7Chassis15do_motor_outputEv)
    i._ZN7ChassisC1Eii                       0x080033b4   Section        0  main.o(i._ZN7ChassisC1Eii)
    i.__sti___6_main_c_chassis               0x08003458   Section        0  main.o(i.__sti___6_main_c_chassis)
    __sti___6_main_c_chassis                 0x08003459   Thumb Code    28  main.o(i.__sti___6_main_c_chassis)
    i.main                                   0x0800347c   Section        0  main.o(i.main)
    x$fpl$d2f                                0x0800360c   Section       98  d2f.o(x$fpl$d2f)
    $v0                                      0x0800360c   Number         0  d2f.o(x$fpl$d2f)
    x$fpl$dadd                               0x08003670   Section      336  daddsub_clz.o(x$fpl$dadd)
    $v0                                      0x08003670   Number         0  daddsub_clz.o(x$fpl$dadd)
    _dadd1                                   0x08003681   Thumb Code     0  daddsub_clz.o(x$fpl$dadd)
    x$fpl$dcmpinf                            0x080037c0   Section       24  dcmpi.o(x$fpl$dcmpinf)
    $v0                                      0x080037c0   Number         0  dcmpi.o(x$fpl$dcmpinf)
    x$fpl$ddiv                               0x080037d8   Section      688  ddiv.o(x$fpl$ddiv)
    $v0                                      0x080037d8   Number         0  ddiv.o(x$fpl$ddiv)
    ddiv_entry                               0x080037df   Thumb Code     0  ddiv.o(x$fpl$ddiv)
    x$fpl$dfix                               0x08003a88   Section       94  dfix.o(x$fpl$dfix)
    $v0                                      0x08003a88   Number         0  dfix.o(x$fpl$dfix)
    x$fpl$dflt                               0x08003ae6   Section       46  dflt_clz.o(x$fpl$dflt)
    $v0                                      0x08003ae6   Number         0  dflt_clz.o(x$fpl$dflt)
    x$fpl$dleqf                              0x08003b14   Section      120  dleqf.o(x$fpl$dleqf)
    $v0                                      0x08003b14   Number         0  dleqf.o(x$fpl$dleqf)
    x$fpl$dmul                               0x08003b8c   Section      340  dmul.o(x$fpl$dmul)
    $v0                                      0x08003b8c   Number         0  dmul.o(x$fpl$dmul)
    x$fpl$dnaninf                            0x08003ce0   Section      156  dnaninf.o(x$fpl$dnaninf)
    $v0                                      0x08003ce0   Number         0  dnaninf.o(x$fpl$dnaninf)
    x$fpl$dretinf                            0x08003d7c   Section       12  dretinf.o(x$fpl$dretinf)
    $v0                                      0x08003d7c   Number         0  dretinf.o(x$fpl$dretinf)
    x$fpl$drleqf                             0x08003d88   Section      108  drleqf.o(x$fpl$drleqf)
    $v0                                      0x08003d88   Number         0  drleqf.o(x$fpl$drleqf)
    x$fpl$dsub                               0x08003df4   Section      468  daddsub_clz.o(x$fpl$dsub)
    $v0                                      0x08003df4   Number         0  daddsub_clz.o(x$fpl$dsub)
    _dsub1                                   0x08003e05   Thumb Code     0  daddsub_clz.o(x$fpl$dsub)
    x$fpl$f2d                                0x08003fc8   Section       86  f2d.o(x$fpl$f2d)
    $v0                                      0x08003fc8   Number         0  f2d.o(x$fpl$f2d)
    x$fpl$fnaninf                            0x0800401e   Section      140  fnaninf.o(x$fpl$fnaninf)
    $v0                                      0x0800401e   Number         0  fnaninf.o(x$fpl$fnaninf)
    x$fpl$fpinit                             0x080040aa   Section       10  fpinit.o(x$fpl$fpinit)
    $v0                                      0x080040aa   Number         0  fpinit.o(x$fpl$fpinit)
    x$fpl$fretinf                            0x080040b4   Section       10  fretinf.o(x$fpl$fretinf)
    $v0                                      0x080040b4   Number         0  fretinf.o(x$fpl$fretinf)
    .constdata                               0x080040be   Section       24  system_stm32f4xx.o(.constdata)
    x$fpl$usenofp                            0x080040be   Section        0  usenofp.o(x$fpl$usenofp)
    .init_array                              0x080040f8   Section        4  main.o(.init_array)
    .init_array                              0x080040fc   Section        0  init_aeabi.o(.init_array)
    .data                                    0x20000000   Section       16  main.o(.data)
    .data                                    0x20000010   Section       12  stm32f4xx_it.o(.data)
    .data                                    0x2000001c   Section        9  stm32f4xx_hal.o(.data)
    .data                                    0x20000028   Section        4  system_stm32f4xx.o(.data)
    .bss                                     0x20000030   Section      290  main.o(.bss)
    .bss                                     0x20000154   Section      360  tim.o(.bss)
    .bss                                     0x200002bc   Section       68  usart.o(.bss)
    .bss                                     0x20000300   Section       96  libspace.o(.bss)
    HEAP                                     0x20000360   Section      512  startup_stm32f407xx.o(HEAP)
    Heap_Mem                                 0x20000360   Data         512  startup_stm32f407xx.o(HEAP)
    STACK                                    0x20000560   Section     1024  startup_stm32f407xx.o(STACK)
    Stack_Mem                                0x20000560   Data        1024  startup_stm32f407xx.o(STACK)
    __initial_sp                             0x20000960   Data           0  startup_stm32f407xx.o(STACK)

    Global Symbols

    Symbol Name                              Value     Ov Type        Size  Object(Section)

    BuildAttributes$$THM_ISAv4$E$P$D$K$B$S$7EM$VFPi3$EXTD16$VFPS$VFMA$PE$A:L22UL41UL21$X:L11$S22US41US21$IEEE1$IW$USESV6$~STKCKD$USESV7$~SHL$OSPACE$ROPI$EBA8$UX$STANDARDLIB$REQ8$PRES8$EABIv2 0x00000000   Number         0  anon$$obj.o ABSOLUTE
    __ARM_use_no_argv                        0x00000000   Number         0  main.o ABSOLUTE
    __ARM_exceptions_init                     - Undefined Weak Reference
    __alloca_initialize                       - Undefined Weak Reference
    __arm_preinit_                            - Undefined Weak Reference
    __cxa_finalize                            - Undefined Weak Reference
    __rt_locale                               - Undefined Weak Reference
    __sigvec_lookup                           - Undefined Weak Reference
    _atexit_init                              - Undefined Weak Reference
    _call_atexit_fns                          - Undefined Weak Reference
    _clock_init                               - Undefined Weak Reference
    _fp_trap_init                             - Undefined Weak Reference
    _fp_trap_shutdown                         - Undefined Weak Reference
    _get_lc_collate                           - Undefined Weak Reference
    _get_lc_ctype                             - Undefined Weak Reference
    _get_lc_monetary                          - Undefined Weak Reference
    _get_lc_numeric                           - Undefined Weak Reference
    _get_lc_time                              - Undefined Weak Reference
    _getenv_init                              - Undefined Weak Reference
    _handle_redirection                       - Undefined Weak Reference
    _init_alloc                               - Undefined Weak Reference
    _init_user_alloc                          - Undefined Weak Reference
    _initio                                   - Undefined Weak Reference
    _rand_init                                - Undefined Weak Reference
    _signal_finish                            - Undefined Weak Reference
    _signal_init                              - Undefined Weak Reference
    _terminate_alloc                          - Undefined Weak Reference
    _terminate_user_alloc                     - Undefined Weak Reference
    _terminateio                              - Undefined Weak Reference
    __Vectors_Size                           0x00000188   Number         0  startup_stm32f407xx.o ABSOLUTE
    __Vectors                                0x08000000   Data           4  startup_stm32f407xx.o(RESET)
    __Vectors_End                            0x08000188   Data           0  startup_stm32f407xx.o(RESET)
    __main                                   0x08000189   Thumb Code     8  __main.o(!!!main)
    __scatterload                            0x08000191   Thumb Code     0  __scatter.o(!!!scatter)
    __scatterload_rt2                        0x08000191   Thumb Code    44  __scatter.o(!!!scatter)
    __scatterload_rt2_thumb_only             0x08000191   Thumb Code     0  __scatter.o(!!!scatter)
    __scatterload_null                       0x0800019f   Thumb Code     0  __scatter.o(!!!scatter)
    __scatterload_copy                       0x080001c5   Thumb Code    26  __scatter_copy.o(!!handler_copy)
    __scatterload_zeroinit                   0x080001e1   Thumb Code    28  __scatter_zi.o(!!handler_zi)
    __rt_lib_init                            0x080001fd   Thumb Code     0  libinit.o(.ARM.Collect$$libinit$$00000000)
    __rt_lib_init_fp_1                       0x080001ff   Thumb Code     0  libinit2.o(.ARM.Collect$$libinit$$00000001)
    __rt_lib_init_alloca_1                   0x08000203   Thumb Code     0  libinit2.o(.ARM.Collect$$libinit$$0000002E)
    __rt_lib_init_argv_1                     0x08000203   Thumb Code     0  libinit2.o(.ARM.Collect$$libinit$$0000002C)
    __rt_lib_init_atexit_1                   0x08000203   Thumb Code     0  libinit2.o(.ARM.Collect$$libinit$$0000001B)
    __rt_lib_init_clock_1                    0x08000203   Thumb Code     0  libinit2.o(.ARM.Collect$$libinit$$00000021)
    __rt_lib_init_cpp_2                      0x08000203   Thumb Code     0  libinit2.o(.ARM.Collect$$libinit$$00000031)
    __rt_lib_init_exceptions_1               0x08000203   Thumb Code     0  libinit2.o(.ARM.Collect$$libinit$$00000030)
    __rt_lib_init_fp_trap_1                  0x08000203   Thumb Code     0  libinit2.o(.ARM.Collect$$libinit$$0000001F)
    __rt_lib_init_getenv_1                   0x08000203   Thumb Code     0  libinit2.o(.ARM.Collect$$libinit$$00000023)
    __rt_lib_init_heap_1                     0x08000203   Thumb Code     0  libinit2.o(.ARM.Collect$$libinit$$0000000A)
    __rt_lib_init_lc_collate_1               0x08000203   Thumb Code     0  libinit2.o(.ARM.Collect$$libinit$$00000011)
    __rt_lib_init_lc_ctype_1                 0x08000203   Thumb Code     0  libinit2.o(.ARM.Collect$$libinit$$00000013)
    __rt_lib_init_lc_monetary_1              0x08000203   Thumb Code     0  libinit2.o(.ARM.Collect$$libinit$$00000015)
    __rt_lib_init_lc_numeric_1               0x08000203   Thumb Code     0  libinit2.o(.ARM.Collect$$libinit$$00000017)
    __rt_lib_init_lc_time_1                  0x08000203   Thumb Code     0  libinit2.o(.ARM.Collect$$libinit$$00000019)
    __rt_lib_init_preinit_1                  0x08000203   Thumb Code     0  libinit2.o(.ARM.Collect$$libinit$$00000004)
    __rt_lib_init_rand_1                     0x08000203   Thumb Code     0  libinit2.o(.ARM.Collect$$libinit$$0000000E)
    __rt_lib_init_signal_1                   0x08000203   Thumb Code     0  libinit2.o(.ARM.Collect$$libinit$$0000001D)
    __rt_lib_init_stdio_1                    0x08000203   Thumb Code     0  libinit2.o(.ARM.Collect$$libinit$$00000025)
    __rt_lib_init_user_alloc_1               0x08000203   Thumb Code     0  libinit2.o(.ARM.Collect$$libinit$$0000000C)
    __rt_lib_init_cpp_1                      0x08000207   Thumb Code     0  libinit2.o(.ARM.Collect$$libinit$$00000032)
    __rt_lib_init_return                     0x08000207   Thumb Code     0  libinit2.o(.ARM.Collect$$libinit$$00000033)
    __rt_lib_shutdown                        0x08000209   Thumb Code     0  libshutdown.o(.ARM.Collect$$libshutdown$$00000000)
    __rt_lib_shutdown_cpp_1                  0x0800020b   Thumb Code     0  libshutdown2.o(.ARM.Collect$$libshutdown$$00000002)
    __rt_lib_shutdown_fp_trap_1              0x0800020b   Thumb Code     0  libshutdown2.o(.ARM.Collect$$libshutdown$$00000007)
    __rt_lib_shutdown_heap_1                 0x0800020b   Thumb Code     0  libshutdown2.o(.ARM.Collect$$libshutdown$$0000000F)
    __rt_lib_shutdown_return                 0x0800020b   Thumb Code     0  libshutdown2.o(.ARM.Collect$$libshutdown$$00000010)
    __rt_lib_shutdown_signal_1               0x0800020b   Thumb Code     0  libshutdown2.o(.ARM.Collect$$libshutdown$$0000000A)
    __rt_lib_shutdown_stdio_1                0x0800020b   Thumb Code     0  libshutdown2.o(.ARM.Collect$$libshutdown$$00000004)
    __rt_lib_shutdown_user_alloc_1           0x0800020b   Thumb Code     0  libshutdown2.o(.ARM.Collect$$libshutdown$$0000000C)
    __rt_entry                               0x0800020d   Thumb Code     0  __rtentry.o(.ARM.Collect$$rtentry$$00000000)
    __rt_entry_presh_1                       0x0800020d   Thumb Code     0  __rtentry2.o(.ARM.Collect$$rtentry$$00000002)
    __rt_entry_sh                            0x0800020d   Thumb Code     0  __rtentry4.o(.ARM.Collect$$rtentry$$00000004)
    __rt_entry_li                            0x08000213   Thumb Code     0  __rtentry2.o(.ARM.Collect$$rtentry$$0000000A)
    __rt_entry_postsh_1                      0x08000213   Thumb Code     0  __rtentry2.o(.ARM.Collect$$rtentry$$00000009)
    __rt_entry_main                          0x08000217   Thumb Code     0  __rtentry2.o(.ARM.Collect$$rtentry$$0000000D)
    __rt_entry_postli_1                      0x08000217   Thumb Code     0  __rtentry2.o(.ARM.Collect$$rtentry$$0000000C)
    __rt_exit                                0x0800021f   Thumb Code     0  rtexit.o(.ARM.Collect$$rtexit$$00000000)
    __rt_exit_ls                             0x08000221   Thumb Code     0  rtexit2.o(.ARM.Collect$$rtexit$$00000003)
    __rt_exit_prels_1                        0x08000221   Thumb Code     0  rtexit2.o(.ARM.Collect$$rtexit$$00000002)
    __rt_exit_exit                           0x08000225   Thumb Code     0  rtexit2.o(.ARM.Collect$$rtexit$$00000004)
    Reset_Handler                            0x0800022d   Thumb Code     8  startup_stm32f407xx.o(.text)
    ADC_IRQHandler                           0x08000247   Thumb Code     0  startup_stm32f407xx.o(.text)
    CAN1_RX0_IRQHandler                      0x08000247   Thumb Code     0  startup_stm32f407xx.o(.text)
    CAN1_RX1_IRQHandler                      0x08000247   Thumb Code     0  startup_stm32f407xx.o(.text)
    CAN1_SCE_IRQHandler                      0x08000247   Thumb Code     0  startup_stm32f407xx.o(.text)
    CAN1_TX_IRQHandler                       0x08000247   Thumb Code     0  startup_stm32f407xx.o(.text)
    CAN2_RX0_IRQHandler                      0x08000247   Thumb Code     0  startup_stm32f407xx.o(.text)
    CAN2_RX1_IRQHandler                      0x08000247   Thumb Code     0  startup_stm32f407xx.o(.text)
    CAN2_SCE_IRQHandler                      0x08000247   Thumb Code     0  startup_stm32f407xx.o(.text)
    CAN2_TX_IRQHandler                       0x08000247   Thumb Code     0  startup_stm32f407xx.o(.text)
    DCMI_IRQHandler                          0x08000247   Thumb Code     0  startup_stm32f407xx.o(.text)
    DMA1_Stream0_IRQHandler                  0x08000247   Thumb Code     0  startup_stm32f407xx.o(.text)
    DMA1_Stream1_IRQHandler                  0x08000247   Thumb Code     0  startup_stm32f407xx.o(.text)
    DMA1_Stream2_IRQHandler                  0x08000247   Thumb Code     0  startup_stm32f407xx.o(.text)
    DMA1_Stream3_IRQHandler                  0x08000247   Thumb Code     0  startup_stm32f407xx.o(.text)
    DMA1_Stream4_IRQHandler                  0x08000247   Thumb Code     0  startup_stm32f407xx.o(.text)
    DMA1_Stream5_IRQHandler                  0x08000247   Thumb Code     0  startup_stm32f407xx.o(.text)
    DMA1_Stream6_IRQHandler                  0x08000247   Thumb Code     0  startup_stm32f407xx.o(.text)
    DMA1_Stream7_IRQHandler                  0x08000247   Thumb Code     0  startup_stm32f407xx.o(.text)
    DMA2_Stream0_IRQHandler                  0x08000247   Thumb Code     0  startup_stm32f407xx.o(.text)
    DMA2_Stream1_IRQHandler                  0x08000247   Thumb Code     0  startup_stm32f407xx.o(.text)
    DMA2_Stream2_IRQHandler                  0x08000247   Thumb Code     0  startup_stm32f407xx.o(.text)
    DMA2_Stream3_IRQHandler                  0x08000247   Thumb Code     0  startup_stm32f407xx.o(.text)
    DMA2_Stream4_IRQHandler                  0x08000247   Thumb Code     0  startup_stm32f407xx.o(.text)
    DMA2_Stream5_IRQHandler                  0x08000247   Thumb Code     0  startup_stm32f407xx.o(.text)
    DMA2_Stream6_IRQHandler                  0x08000247   Thumb Code     0  startup_stm32f407xx.o(.text)
    DMA2_Stream7_IRQHandler                  0x08000247   Thumb Code     0  startup_stm32f407xx.o(.text)
    ETH_IRQHandler                           0x08000247   Thumb Code     0  startup_stm32f407xx.o(.text)
    ETH_WKUP_IRQHandler                      0x08000247   Thumb Code     0  startup_stm32f407xx.o(.text)
    EXTI15_10_IRQHandler                     0x08000247   Thumb Code     0  startup_stm32f407xx.o(.text)
    EXTI1_IRQHandler                         0x08000247   Thumb Code     0  startup_stm32f407xx.o(.text)
    EXTI2_IRQHandler                         0x08000247   Thumb Code     0  startup_stm32f407xx.o(.text)
    EXTI3_IRQHandler                         0x08000247   Thumb Code     0  startup_stm32f407xx.o(.text)
    EXTI4_IRQHandler                         0x08000247   Thumb Code     0  startup_stm32f407xx.o(.text)
    EXTI9_5_IRQHandler                       0x08000247   Thumb Code     0  startup_stm32f407xx.o(.text)
    FLASH_IRQHandler                         0x08000247   Thumb Code     0  startup_stm32f407xx.o(.text)
    FMC_IRQHandler                           0x08000247   Thumb Code     0  startup_stm32f407xx.o(.text)
    FPU_IRQHandler                           0x08000247   Thumb Code     0  startup_stm32f407xx.o(.text)
    HASH_RNG_IRQHandler                      0x08000247   Thumb Code     0  startup_stm32f407xx.o(.text)
    I2C1_ER_IRQHandler                       0x08000247   Thumb Code     0  startup_stm32f407xx.o(.text)
    I2C1_EV_IRQHandler                       0x08000247   Thumb Code     0  startup_stm32f407xx.o(.text)
    I2C2_ER_IRQHandler                       0x08000247   Thumb Code     0  startup_stm32f407xx.o(.text)
    I2C2_EV_IRQHandler                       0x08000247   Thumb Code     0  startup_stm32f407xx.o(.text)
    I2C3_ER_IRQHandler                       0x08000247   Thumb Code     0  startup_stm32f407xx.o(.text)
    I2C3_EV_IRQHandler                       0x08000247   Thumb Code     0  startup_stm32f407xx.o(.text)
    OTG_FS_IRQHandler                        0x08000247   Thumb Code     0  startup_stm32f407xx.o(.text)
    OTG_FS_WKUP_IRQHandler                   0x08000247   Thumb Code     0  startup_stm32f407xx.o(.text)
    OTG_HS_EP1_IN_IRQHandler                 0x08000247   Thumb Code     0  startup_stm32f407xx.o(.text)
    OTG_HS_EP1_OUT_IRQHandler                0x08000247   Thumb Code     0  startup_stm32f407xx.o(.text)
    OTG_HS_IRQHandler                        0x08000247   Thumb Code     0  startup_stm32f407xx.o(.text)
    OTG_HS_WKUP_IRQHandler                   0x08000247   Thumb Code     0  startup_stm32f407xx.o(.text)
    PVD_IRQHandler                           0x08000247   Thumb Code     0  startup_stm32f407xx.o(.text)
    RCC_IRQHandler                           0x08000247   Thumb Code     0  startup_stm32f407xx.o(.text)
    RTC_Alarm_IRQHandler                     0x08000247   Thumb Code     0  startup_stm32f407xx.o(.text)
    RTC_WKUP_IRQHandler                      0x08000247   Thumb Code     0  startup_stm32f407xx.o(.text)
    SDIO_IRQHandler                          0x08000247   Thumb Code     0  startup_stm32f407xx.o(.text)
    SPI1_IRQHandler                          0x08000247   Thumb Code     0  startup_stm32f407xx.o(.text)
    SPI2_IRQHandler                          0x08000247   Thumb Code     0  startup_stm32f407xx.o(.text)
    SPI3_IRQHandler                          0x08000247   Thumb Code     0  startup_stm32f407xx.o(.text)
    TAMP_STAMP_IRQHandler                    0x08000247   Thumb Code     0  startup_stm32f407xx.o(.text)
    TIM1_BRK_TIM9_IRQHandler                 0x08000247   Thumb Code     0  startup_stm32f407xx.o(.text)
    TIM1_CC_IRQHandler                       0x08000247   Thumb Code     0  startup_stm32f407xx.o(.text)
    TIM1_TRG_COM_TIM11_IRQHandler            0x08000247   Thumb Code     0  startup_stm32f407xx.o(.text)
    TIM1_UP_TIM10_IRQHandler                 0x08000247   Thumb Code     0  startup_stm32f407xx.o(.text)
    TIM5_IRQHandler                          0x08000247   Thumb Code     0  startup_stm32f407xx.o(.text)
    TIM6_DAC_IRQHandler                      0x08000247   Thumb Code     0  startup_stm32f407xx.o(.text)
    TIM7_IRQHandler                          0x08000247   Thumb Code     0  startup_stm32f407xx.o(.text)
    TIM8_BRK_TIM12_IRQHandler                0x08000247   Thumb Code     0  startup_stm32f407xx.o(.text)
    TIM8_CC_IRQHandler                       0x08000247   Thumb Code     0  startup_stm32f407xx.o(.text)
    TIM8_TRG_COM_TIM14_IRQHandler            0x08000247   Thumb Code     0  startup_stm32f407xx.o(.text)
    TIM8_UP_TIM13_IRQHandler                 0x08000247   Thumb Code     0  startup_stm32f407xx.o(.text)
    UART4_IRQHandler                         0x08000247   Thumb Code     0  startup_stm32f407xx.o(.text)
    UART5_IRQHandler                         0x08000247   Thumb Code     0  startup_stm32f407xx.o(.text)
    USART2_IRQHandler                        0x08000247   Thumb Code     0  startup_stm32f407xx.o(.text)
    USART3_IRQHandler                        0x08000247   Thumb Code     0  startup_stm32f407xx.o(.text)
    USART6_IRQHandler                        0x08000247   Thumb Code     0  startup_stm32f407xx.o(.text)
    WWDG_IRQHandler                          0x08000247   Thumb Code     0  startup_stm32f407xx.o(.text)
    __user_initial_stackheap                 0x08000249   Thumb Code     0  startup_stm32f407xx.o(.text)
    __aeabi_uldivmod                         0x0800026d   Thumb Code     0  lludivv7m.o(.text)
    _ll_udiv                                 0x0800026d   Thumb Code   238  lludivv7m.o(.text)
    __aeabi_memclr4                          0x0800035b   Thumb Code     0  rt_memclr_w.o(.text)
    __aeabi_memclr8                          0x0800035b   Thumb Code     0  rt_memclr_w.o(.text)
    __rt_memclr_w                            0x0800035b   Thumb Code    78  rt_memclr_w.o(.text)
    _memset_w                                0x0800035f   Thumb Code     0  rt_memclr_w.o(.text)
    __use_two_region_memory                  0x080003a9   Thumb Code     2  heapauxi.o(.text)
    __rt_heap_escrow$2region                 0x080003ab   Thumb Code     2  heapauxi.o(.text)
    __rt_heap_expand$2region                 0x080003ad   Thumb Code     2  heapauxi.o(.text)
    __cpp_initialize__aeabi_                 0x080003b1   Thumb Code    26  init_aeabi.o(.text)
    __user_setup_stackheap                   0x080003d5   Thumb Code    74  sys_stackheap_outer.o(.text)
    exit                                     0x0800041f   Thumb Code    18  exit.o(.text)
    __user_libspace                          0x08000431   Thumb Code     8  libspace.o(.text)
    __user_perproc_libspace                  0x08000431   Thumb Code     0  libspace.o(.text)
    __user_perthread_libspace                0x08000431   Thumb Code     0  libspace.o(.text)
    _sys_exit                                0x08000439   Thumb Code     8  sys_exit.o(.text)
    __I$use$semihosting                      0x08000445   Thumb Code     0  use_no_semi.o(.text)
    __use_no_semihosting_swi                 0x08000445   Thumb Code     2  use_no_semi.o(.text)
    BusFault_Handler                         0x08000447   Thumb Code     4  stm32f4xx_it.o(i.BusFault_Handler)
    __semihosting_library_function           0x08000447   Thumb Code     0  indicate_semi.o(.text)
    DebugMon_Handler                         0x0800044b   Thumb Code     2  stm32f4xx_it.o(i.DebugMon_Handler)
    EXTI0_IRQHandler                         0x0800044d   Thumb Code    10  stm32f4xx_it.o(i.EXTI0_IRQHandler)
    Error_Handler                            0x08000457   Thumb Code     6  main.o(i.Error_Handler)
    HAL_DMA_Abort                            0x0800045d   Thumb Code   172  stm32f4xx_hal_dma.o(i.HAL_DMA_Abort)
    HAL_DMA_Abort_IT                         0x08000509   Thumb Code    40  stm32f4xx_hal_dma.o(i.HAL_DMA_Abort_IT)
    HAL_Delay                                0x08000531   Thumb Code    36  stm32f4xx_hal.o(i.HAL_Delay)
    HAL_GPIO_EXTI_Callback                   0x08000559   Thumb Code    66  stm32f4xx_it.o(i.HAL_GPIO_EXTI_Callback)
    HAL_GPIO_EXTI_IRQHandler                 0x080005a1   Thumb Code    24  stm32f4xx_hal_gpio.o(i.HAL_GPIO_EXTI_IRQHandler)
    HAL_GPIO_Init                            0x080005bd   Thumb Code   454  stm32f4xx_hal_gpio.o(i.HAL_GPIO_Init)
    HAL_GPIO_WritePin                        0x080007b1   Thumb Code    12  stm32f4xx_hal_gpio.o(i.HAL_GPIO_WritePin)
    HAL_GetTick                              0x080007bd   Thumb Code     6  stm32f4xx_hal.o(i.HAL_GetTick)
    HAL_IncTick                              0x080007c9   Thumb Code    16  stm32f4xx_hal.o(i.HAL_IncTick)
    HAL_Init                                 0x080007e1   Thumb Code    54  stm32f4xx_hal.o(i.HAL_Init)
    HAL_InitTick                             0x0800081d   Thumb Code    64  stm32f4xx_hal.o(i.HAL_InitTick)
    HAL_MspInit                              0x08000869   Thumb Code    68  stm32f4xx_hal_msp.o(i.HAL_MspInit)
    HAL_NVIC_EnableIRQ                       0x080008b1   Thumb Code    32  stm32f4xx_hal_cortex.o(i.HAL_NVIC_EnableIRQ)
    HAL_NVIC_SetPriority                     0x080008d1   Thumb Code   124  stm32f4xx_hal_cortex.o(i.HAL_NVIC_SetPriority)
    HAL_NVIC_SetPriorityGrouping             0x0800094d   Thumb Code    32  stm32f4xx_hal_cortex.o(i.HAL_NVIC_SetPriorityGrouping)
    HAL_RCC_ClockConfig                      0x08000975   Thumb Code   368  stm32f4xx_hal_rcc.o(i.HAL_RCC_ClockConfig)
    HAL_RCC_GetHCLKFreq                      0x08000af9   Thumb Code     6  stm32f4xx_hal_rcc.o(i.HAL_RCC_GetHCLKFreq)
    HAL_RCC_GetPCLK1Freq                     0x08000b05   Thumb Code    22  stm32f4xx_hal_rcc.o(i.HAL_RCC_GetPCLK1Freq)
    HAL_RCC_GetPCLK2Freq                     0x08000b25   Thumb Code    22  stm32f4xx_hal_rcc.o(i.HAL_RCC_GetPCLK2Freq)
    HAL_RCC_GetSysClockFreq                  0x08000b45   Thumb Code   162  stm32f4xx_hal_rcc.o(i.HAL_RCC_GetSysClockFreq)
    HAL_RCC_OscConfig                        0x08000bf5   Thumb Code  1172  stm32f4xx_hal_rcc.o(i.HAL_RCC_OscConfig)
    HAL_SYSTICK_Config                       0x08001091   Thumb Code    52  stm32f4xx_hal_cortex.o(i.HAL_SYSTICK_Config)
    HAL_TIMEx_BreakCallback                  0x080010c5   Thumb Code     2  stm32f4xx_hal_tim_ex.o(i.HAL_TIMEx_BreakCallback)
    HAL_TIMEx_CommutCallback                 0x080010c7   Thumb Code     2  stm32f4xx_hal_tim_ex.o(i.HAL_TIMEx_CommutCallback)
    HAL_TIMEx_MasterConfigSynchronization    0x080010c9   Thumb Code   150  stm32f4xx_hal_tim_ex.o(i.HAL_TIMEx_MasterConfigSynchronization)
    HAL_TIM_Base_Init                        0x0800117d   Thumb Code   102  stm32f4xx_hal_tim.o(i.HAL_TIM_Base_Init)
    HAL_TIM_Base_MspInit                     0x080011e5   Thumb Code   230  tim.o(i.HAL_TIM_Base_MspInit)
    HAL_TIM_Base_Start_IT                    0x080012dd   Thumb Code   138  stm32f4xx_hal_tim.o(i.HAL_TIM_Base_Start_IT)
    HAL_TIM_ConfigClockSource                0x08001385   Thumb Code   268  stm32f4xx_hal_tim.o(i.HAL_TIM_ConfigClockSource)
    HAL_TIM_IC_CaptureCallback               0x08001491   Thumb Code     2  stm32f4xx_hal_tim.o(i.HAL_TIM_IC_CaptureCallback)
    HAL_TIM_IRQHandler                       0x08001493   Thumb Code   406  stm32f4xx_hal_tim.o(i.HAL_TIM_IRQHandler)
    HAL_TIM_MspPostInit                      0x08001629   Thumb Code    84  tim.o(i.HAL_TIM_MspPostInit)
    HAL_TIM_OC_DelayElapsedCallback          0x08001689   Thumb Code     2  stm32f4xx_hal_tim.o(i.HAL_TIM_OC_DelayElapsedCallback)
    HAL_TIM_PWM_ConfigChannel                0x0800168b   Thumb Code   260  stm32f4xx_hal_tim.o(i.HAL_TIM_PWM_ConfigChannel)
    HAL_TIM_PWM_Init                         0x0800178f   Thumb Code   102  stm32f4xx_hal_tim.o(i.HAL_TIM_PWM_Init)
    HAL_TIM_PWM_MspInit                      0x080017f5   Thumb Code    44  tim.o(i.HAL_TIM_PWM_MspInit)
    HAL_TIM_PWM_PulseFinishedCallback        0x08001829   Thumb Code     2  stm32f4xx_hal_tim.o(i.HAL_TIM_PWM_PulseFinishedCallback)
    HAL_TIM_PWM_Start                        0x0800182d   Thumb Code   238  stm32f4xx_hal_tim.o(i.HAL_TIM_PWM_Start)
    HAL_TIM_PeriodElapsedCallback            0x08001939   Thumb Code     2  stm32f4xx_hal_tim.o(i.HAL_TIM_PeriodElapsedCallback)
    HAL_TIM_TriggerCallback                  0x0800193b   Thumb Code     2  stm32f4xx_hal_tim.o(i.HAL_TIM_TriggerCallback)
    HAL_UARTEx_RxEventCallback               0x0800193d   Thumb Code     2  stm32f4xx_hal_uart.o(i.HAL_UARTEx_RxEventCallback)
    HAL_UART_AbortReceiveCpltCallback        0x0800193f   Thumb Code     2  stm32f4xx_hal_uart.o(i.HAL_UART_AbortReceiveCpltCallback)
    HAL_UART_AbortReceive_IT                 0x08001941   Thumb Code   214  stm32f4xx_hal_uart.o(i.HAL_UART_AbortReceive_IT)
    HAL_UART_ErrorCallback                   0x08001a1d   Thumb Code     2  stm32f4xx_hal_uart.o(i.HAL_UART_ErrorCallback)
    HAL_UART_IRQHandler                      0x08001a21   Thumb Code   732  stm32f4xx_hal_uart.o(i.HAL_UART_IRQHandler)
    HAL_UART_Init                            0x08001d01   Thumb Code   114  stm32f4xx_hal_uart.o(i.HAL_UART_Init)
    HAL_UART_MspInit                         0x08001d75   Thumb Code   140  usart.o(i.HAL_UART_MspInit)
    HAL_UART_Receive_IT                      0x08001e0d   Thumb Code    66  stm32f4xx_hal_uart.o(i.HAL_UART_Receive_IT)
    HAL_UART_RxCpltCallback                  0x08001e4f   Thumb Code     2  stm32f4xx_hal_uart.o(i.HAL_UART_RxCpltCallback)
    HAL_UART_TxCpltCallback                  0x08001e51   Thumb Code     2  stm32f4xx_hal_uart.o(i.HAL_UART_TxCpltCallback)
    HardFault_Handler                        0x08001e53   Thumb Code     4  stm32f4xx_it.o(i.HardFault_Handler)
    MX_GPIO_Init                             0x08001e59   Thumb Code   434  gpio.o(i.MX_GPIO_Init)
    MX_TIM1_Init                             0x08002021   Thumb Code   102  tim.o(i.MX_TIM1_Init)
    MX_TIM2_Init                             0x08002091   Thumb Code   102  tim.o(i.MX_TIM2_Init)
    MX_TIM3_Init                             0x080020fd   Thumb Code   104  tim.o(i.MX_TIM3_Init)
    MX_TIM4_Init                             0x0800216d   Thumb Code   100  tim.o(i.MX_TIM4_Init)
    MX_TIM5_Init                             0x080021d9   Thumb Code   162  tim.o(i.MX_TIM5_Init)
    MX_USART1_UART_Init                      0x08002285   Thumb Code    46  usart.o(i.MX_USART1_UART_Init)
    MemManage_Handler                        0x080022bd   Thumb Code     4  stm32f4xx_it.o(i.MemManage_Handler)
    NMI_Handler                              0x080022c1   Thumb Code     4  stm32f4xx_it.o(i.NMI_Handler)
    PendSV_Handler                           0x080022c5   Thumb Code     2  stm32f4xx_it.o(i.PendSV_Handler)
    SVC_Handler                              0x080022c7   Thumb Code     2  stm32f4xx_it.o(i.SVC_Handler)
    SysTick_Handler                          0x080022c9   Thumb Code     8  stm32f4xx_it.o(i.SysTick_Handler)
    SystemInit                               0x080022d1   Thumb Code    14  system_stm32f4xx.o(i.SystemInit)
    TIM2_IRQHandler                          0x080022e5   Thumb Code   124  stm32f4xx_it.o(i.TIM2_IRQHandler)
    TIM3_IRQHandler                          0x0800236d   Thumb Code    10  stm32f4xx_it.o(i.TIM3_IRQHandler)
    TIM4_IRQHandler                          0x0800237d   Thumb Code    10  stm32f4xx_it.o(i.TIM4_IRQHandler)
    TIM_Base_SetConfig                       0x0800238d   Thumb Code   170  stm32f4xx_hal_tim.o(i.TIM_Base_SetConfig)
    TIM_CCxChannelCmd                        0x08002465   Thumb Code    34  stm32f4xx_hal_tim.o(i.TIM_CCxChannelCmd)
    TIM_ETR_SetConfig                        0x08002487   Thumb Code    22  stm32f4xx_hal_tim.o(i.TIM_ETR_SetConfig)
    TIM_OC2_SetConfig                        0x0800249d   Thumb Code   114  stm32f4xx_hal_tim.o(i.TIM_OC2_SetConfig)
    UART_Start_Receive_IT                    0x08002519   Thumb Code    74  stm32f4xx_hal_uart.o(i.UART_Start_Receive_IT)
    USART1_IRQHandler                        0x08002565   Thumb Code    74  stm32f4xx_it.o(i.USART1_IRQHandler)
    UsageFault_Handler                       0x080025b9   Thumb Code     4  stm32f4xx_it.o(i.UsageFault_Handler)
    SystemClock_Config()                     0x080025bd   Thumb Code   170  main.o(i._Z18SystemClock_Configv)
    PID::set_definition(float)               0x08002671   Thumb Code     6  pid.o(i._ZN3PID14set_definitionEf)
    PID::do_pid()                            0x08002679   Thumb Code   228  pid.o(i._ZN3PID6do_pidEv)
    PID::setnow(float)                       0x08002775   Thumb Code     6  pid.o(i._ZN3PID6setnowEf)
    motor::Motor_Output(GPIO_TypeDef*, unsigned short, GPIO_TypeDef*, unsigned short, unsigned) 0x08002d91   Thumb Code   270  motor.o(i._ZN5motor12Motor_OutputEP12GPIO_TypeDeftS1_tj)
    motor::Motor_Counter()                   0x08002eb5   Thumb Code     8  motor.o(i._ZN5motor13Motor_CounterEv)
    motor::clear_counter()                   0x08002ebd   Thumb Code     6  motor.o(i._ZN5motor13clear_counterEv)
    motor::set_definition(float)             0x08002ec3   Thumb Code     6  motor.o(i._ZN5motor14set_definitionEf)
    motor::get_speed()                       0x08002ec9   Thumb Code    36  motor.o(i._ZN5motor9get_speedEv)
    motor::motor()                           0x08002ef1   Thumb Code   114  main.o(i._ZN5motorC1Ev)
    motor::motor__sub_object()               0x08002ef1   Thumb Code     0  main.o(i._ZN5motorC1Ev)
    Chassis::set_all_def()                   0x08002f75   Thumb Code   158  chassis.o(i._ZN7Chassis11set_all_defEv)
    Chassis::Move_Transfrom()                0x08003015   Thumb Code   732  chassis.o(i._ZN7Chassis14Move_TransfromEv)
    Chassis::do_motor_speed()                0x08003301   Thumb Code    70  chassis.o(i._ZN7Chassis14do_motor_speedEv)
    Chassis::do_motor_output()               0x08003349   Thumb Code    94  chassis.o(i._ZN7Chassis15do_motor_outputEv)
    Chassis::Chassis(int, int)               0x080033b5   Thumb Code   156  main.o(i._ZN7ChassisC1Eii)
    Chassis::Chassis__sub_object(int, int)   0x080033b5   Thumb Code     0  main.o(i._ZN7ChassisC1Eii)
    main                                     0x0800347d   Thumb Code   342  main.o(i.main)
    __aeabi_d2f                              0x0800360d   Thumb Code     0  d2f.o(x$fpl$d2f)
    _d2f                                     0x0800360d   Thumb Code    98  d2f.o(x$fpl$d2f)
    __aeabi_dadd                             0x08003671   Thumb Code     0  daddsub_clz.o(x$fpl$dadd)
    _dadd                                    0x08003671   Thumb Code   332  daddsub_clz.o(x$fpl$dadd)
    __fpl_dcmp_Inf                           0x080037c1   Thumb Code    24  dcmpi.o(x$fpl$dcmpinf)
    __aeabi_ddiv                             0x080037d9   Thumb Code     0  ddiv.o(x$fpl$ddiv)
    _ddiv                                    0x080037d9   Thumb Code   552  ddiv.o(x$fpl$ddiv)
    __aeabi_d2iz                             0x08003a89   Thumb Code     0  dfix.o(x$fpl$dfix)
    _dfix                                    0x08003a89   Thumb Code    94  dfix.o(x$fpl$dfix)
    __aeabi_i2d                              0x08003ae7   Thumb Code     0  dflt_clz.o(x$fpl$dflt)
    _dflt                                    0x08003ae7   Thumb Code    46  dflt_clz.o(x$fpl$dflt)
    __aeabi_cdcmple                          0x08003b15   Thumb Code     0  dleqf.o(x$fpl$dleqf)
    _dcmple                                  0x08003b15   Thumb Code   120  dleqf.o(x$fpl$dleqf)
    __fpl_dcmple_InfNaN                      0x08003b77   Thumb Code     0  dleqf.o(x$fpl$dleqf)
    __aeabi_dmul                             0x08003b8d   Thumb Code     0  dmul.o(x$fpl$dmul)
    _dmul                                    0x08003b8d   Thumb Code   332  dmul.o(x$fpl$dmul)
    __fpl_dnaninf                            0x08003ce1   Thumb Code   156  dnaninf.o(x$fpl$dnaninf)
    __fpl_dretinf                            0x08003d7d   Thumb Code    12  dretinf.o(x$fpl$dretinf)
    __aeabi_cdrcmple                         0x08003d89   Thumb Code     0  drleqf.o(x$fpl$drleqf)
    _drcmple                                 0x08003d89   Thumb Code   108  drleqf.o(x$fpl$drleqf)
    __aeabi_dsub                             0x08003df5   Thumb Code     0  daddsub_clz.o(x$fpl$dsub)
    _dsub                                    0x08003df5   Thumb Code   464  daddsub_clz.o(x$fpl$dsub)
    __aeabi_f2d                              0x08003fc9   Thumb Code     0  f2d.o(x$fpl$f2d)
    _f2d                                     0x08003fc9   Thumb Code    86  f2d.o(x$fpl$f2d)
    __fpl_fnaninf                            0x0800401f   Thumb Code   140  fnaninf.o(x$fpl$fnaninf)
    _fp_init                                 0x080040ab   Thumb Code    10  fpinit.o(x$fpl$fpinit)
    __fplib_config_fpu_vfp                   0x080040b3   Thumb Code     0  fpinit.o(x$fpl$fpinit)
    __fplib_config_pureend_doubles           0x080040b3   Thumb Code     0  fpinit.o(x$fpl$fpinit)
    __fpl_fretinf                            0x080040b5   Thumb Code    10  fretinf.o(x$fpl$fretinf)
    AHBPrescTable                            0x080040be   Data          16  system_stm32f4xx.o(.constdata)
    __I$use$fp                               0x080040be   Number         0  usenofp.o(x$fpl$usenofp)
    APBPrescTable                            0x080040ce   Data           8  system_stm32f4xx.o(.constdata)
    Region$$Table$$Base                      0x080040d8   Number         0  anon$$obj.o(Region$$Table)
    Region$$Table$$Limit                     0x080040f8   Number         0  anon$$obj.o(Region$$Table)
    SHT$$INIT_ARRAY$$Base                    0x080040f8   Number         0  main.o(.init_array)
    SHT$$INIT_ARRAY$$Limit                   0x080040fc   Number         0  init_aeabi.o(.init_array)
    flagset                                  0x20000000   Data           5  main.o(.data)
    pwmoutput                                0x20000008   Data           4  main.o(.data)
    onebite                                  0x2000000c   Data           4  main.o(.data)
    currenttime                              0x20000010   Data           4  stm32f4xx_it.o(.data)
    i                                        0x20000014   Data           4  stm32f4xx_it.o(.data)
    counteri                                 0x20000018   Data           4  stm32f4xx_it.o(.data)
    uwTick                                   0x2000001c   Data           4  stm32f4xx_hal.o(.data)
    uwTickPrio                               0x20000020   Data           4  stm32f4xx_hal.o(.data)
    uwTickFreq                               0x20000024   Data           1  stm32f4xx_hal.o(.data)
    SystemCoreClock                          0x20000028   Data           4  system_stm32f4xx.o(.data)
    chassis                                  0x20000030   Data         280  main.o(.bss)
    pwmdata                                  0x20000148   Data          10  main.o(.bss)
    htim1                                    0x20000154   Data          72  tim.o(.bss)
    htim2                                    0x2000019c   Data          72  tim.o(.bss)
    htim3                                    0x200001e4   Data          72  tim.o(.bss)
    htim4                                    0x2000022c   Data          72  tim.o(.bss)
    htim5                                    0x20000274   Data          72  tim.o(.bss)
    huart1                                   0x200002bc   Data          68  usart.o(.bss)
    __libspace_start                         0x20000300   Data          96  libspace.o(.bss)
    __temporary_stack_top$libspace           0x20000360   Data           0  libspace.o(.bss)



==============================================================================

Memory Map of the image

  Image Entry point : 0x08000189

  Load Region LR_IROM1 (Base: 0x08000000, Size: 0x00004128, Max: 0x00100000, ABSOLUTE)

    Execution Region ER_IROM1 (Exec base: 0x08000000, Load base: 0x08000000, Size: 0x000040fc, Max: 0x00100000, ABSOLUTE)

    Exec Addr    Load Addr    Size         Type   Attr      Idx    E Section Name        Object

    0x08000000   0x08000000   0x00000188   Data   RO            3    RESET               startup_stm32f407xx.o
    0x08000188   0x08000188   0x00000008   Code   RO         3622  * !!!main             c_w.l(__main.o)
    0x08000190   0x08000190   0x00000034   Code   RO         3836    !!!scatter          c_w.l(__scatter.o)
    0x080001c4   0x080001c4   0x0000001a   Code   RO         3838    !!handler_copy      c_w.l(__scatter_copy.o)
    0x080001de   0x080001de   0x00000002   PAD
    0x080001e0   0x080001e0   0x0000001c   Code   RO         3840    !!handler_zi        c_w.l(__scatter_zi.o)
    0x080001fc   0x080001fc   0x00000002   Code   RO         3759    .ARM.Collect$$libinit$$00000000  c_w.l(libinit.o)
    0x080001fe   0x080001fe   0x00000004   Code   RO         3665    .ARM.Collect$$libinit$$00000001  c_w.l(libinit2.o)
    0x08000202   0x08000202   0x00000000   Code   RO         3668    .ARM.Collect$$libinit$$00000004  c_w.l(libinit2.o)
    0x08000202   0x08000202   0x00000000   Code   RO         3671    .ARM.Collect$$libinit$$0000000A  c_w.l(libinit2.o)
    0x08000202   0x08000202   0x00000000   Code   RO         3673    .ARM.Collect$$libinit$$0000000C  c_w.l(libinit2.o)
    0x08000202   0x08000202   0x00000000   Code   RO         3675    .ARM.Collect$$libinit$$0000000E  c_w.l(libinit2.o)
    0x08000202   0x08000202   0x00000000   Code   RO         3678    .ARM.Collect$$libinit$$00000011  c_w.l(libinit2.o)
    0x08000202   0x08000202   0x00000000   Code   RO         3680    .ARM.Collect$$libinit$$00000013  c_w.l(libinit2.o)
    0x08000202   0x08000202   0x00000000   Code   RO         3682    .ARM.Collect$$libinit$$00000015  c_w.l(libinit2.o)
    0x08000202   0x08000202   0x00000000   Code   RO         3684    .ARM.Collect$$libinit$$00000017  c_w.l(libinit2.o)
    0x08000202   0x08000202   0x00000000   Code   RO         3686    .ARM.Collect$$libinit$$00000019  c_w.l(libinit2.o)
    0x08000202   0x08000202   0x00000000   Code   RO         3688    .ARM.Collect$$libinit$$0000001B  c_w.l(libinit2.o)
    0x08000202   0x08000202   0x00000000   Code   RO         3690    .ARM.Collect$$libinit$$0000001D  c_w.l(libinit2.o)
    0x08000202   0x08000202   0x00000000   Code   RO         3692    .ARM.Collect$$libinit$$0000001F  c_w.l(libinit2.o)
    0x08000202   0x08000202   0x00000000   Code   RO         3694    .ARM.Collect$$libinit$$00000021  c_w.l(libinit2.o)
    0x08000202   0x08000202   0x00000000   Code   RO         3696    .ARM.Collect$$libinit$$00000023  c_w.l(libinit2.o)
    0x08000202   0x08000202   0x00000000   Code   RO         3698    .ARM.Collect$$libinit$$00000025  c_w.l(libinit2.o)
    0x08000202   0x08000202   0x00000000   Code   RO         3702    .ARM.Collect$$libinit$$0000002C  c_w.l(libinit2.o)
    0x08000202   0x08000202   0x00000000   Code   RO         3704    .ARM.Collect$$libinit$$0000002E  c_w.l(libinit2.o)
    0x08000202   0x08000202   0x00000000   Code   RO         3706    .ARM.Collect$$libinit$$00000030  c_w.l(libinit2.o)
    0x08000202   0x08000202   0x00000004   Code   RO         3707    .ARM.Collect$$libinit$$00000031  c_w.l(libinit2.o)
    0x08000206   0x08000206   0x00000000   Code   RO         3708    .ARM.Collect$$libinit$$00000032  c_w.l(libinit2.o)
    0x08000206   0x08000206   0x00000002   Code   RO         3709    .ARM.Collect$$libinit$$00000033  c_w.l(libinit2.o)
    0x08000208   0x08000208   0x00000002   Code   RO         3803    .ARM.Collect$$libshutdown$$00000000  c_w.l(libshutdown.o)
    0x0800020a   0x0800020a   0x00000000   Code   RO         3819    .ARM.Collect$$libshutdown$$00000002  c_w.l(libshutdown2.o)
    0x0800020a   0x0800020a   0x00000000   Code   RO         3821    .ARM.Collect$$libshutdown$$00000004  c_w.l(libshutdown2.o)
    0x0800020a   0x0800020a   0x00000000   Code   RO         3824    .ARM.Collect$$libshutdown$$00000007  c_w.l(libshutdown2.o)
    0x0800020a   0x0800020a   0x00000000   Code   RO         3827    .ARM.Collect$$libshutdown$$0000000A  c_w.l(libshutdown2.o)
    0x0800020a   0x0800020a   0x00000000   Code   RO         3829    .ARM.Collect$$libshutdown$$0000000C  c_w.l(libshutdown2.o)
    0x0800020a   0x0800020a   0x00000000   Code   RO         3832    .ARM.Collect$$libshutdown$$0000000F  c_w.l(libshutdown2.o)
    0x0800020a   0x0800020a   0x00000002   Code   RO         3833    .ARM.Collect$$libshutdown$$00000010  c_w.l(libshutdown2.o)
    0x0800020c   0x0800020c   0x00000000   Code   RO         3660    .ARM.Collect$$rtentry$$00000000  c_w.l(__rtentry.o)
    0x0800020c   0x0800020c   0x00000000   Code   RO         3722    .ARM.Collect$$rtentry$$00000002  c_w.l(__rtentry2.o)
    0x0800020c   0x0800020c   0x00000006   Code   RO         3734    .ARM.Collect$$rtentry$$00000004  c_w.l(__rtentry4.o)
    0x08000212   0x08000212   0x00000000   Code   RO         3724    .ARM.Collect$$rtentry$$00000009  c_w.l(__rtentry2.o)
    0x08000212   0x08000212   0x00000004   Code   RO         3725    .ARM.Collect$$rtentry$$0000000A  c_w.l(__rtentry2.o)
    0x08000216   0x08000216   0x00000000   Code   RO         3727    .ARM.Collect$$rtentry$$0000000C  c_w.l(__rtentry2.o)
    0x08000216   0x08000216   0x00000008   Code   RO         3728    .ARM.Collect$$rtentry$$0000000D  c_w.l(__rtentry2.o)
    0x0800021e   0x0800021e   0x00000002   Code   RO         3765    .ARM.Collect$$rtexit$$00000000  c_w.l(rtexit.o)
    0x08000220   0x08000220   0x00000000   Code   RO         3785    .ARM.Collect$$rtexit$$00000002  c_w.l(rtexit2.o)
    0x08000220   0x08000220   0x00000004   Code   RO         3786    .ARM.Collect$$rtexit$$00000003  c_w.l(rtexit2.o)
    0x08000224   0x08000224   0x00000006   Code   RO         3787    .ARM.Collect$$rtexit$$00000004  c_w.l(rtexit2.o)
    0x0800022a   0x0800022a   0x00000002   PAD
    0x0800022c   0x0800022c   0x00000040   Code   RO            4    .text               startup_stm32f407xx.o
    0x0800026c   0x0800026c   0x000000ee   Code   RO         3616    .text               c_w.l(lludivv7m.o)
    0x0800035a   0x0800035a   0x0000004e   Code   RO         3618    .text               c_w.l(rt_memclr_w.o)
    0x080003a8   0x080003a8   0x00000006   Code   RO         3620    .text               c_w.l(heapauxi.o)
    0x080003ae   0x080003ae   0x00000002   PAD
    0x080003b0   0x080003b0   0x00000024   Code   RO         3627    .text               c_w.l(init_aeabi.o)
    0x080003d4   0x080003d4   0x0000004a   Code   RO         3742    .text               c_w.l(sys_stackheap_outer.o)
    0x0800041e   0x0800041e   0x00000012   Code   RO         3744    .text               c_w.l(exit.o)
    0x08000430   0x08000430   0x00000008   Code   RO         3762    .text               c_w.l(libspace.o)
    0x08000438   0x08000438   0x0000000c   Code   RO         3779    .text               c_w.l(sys_exit.o)
    0x08000444   0x08000444   0x00000002   Code   RO         3781    .text               c_w.l(use_no_semi.o)
    0x08000446   0x08000446   0x00000000   Code   RO         3783    .text               c_w.l(indicate_semi.o)
    0x08000446   0x08000446   0x00000004   Code   RO          370    i.BusFault_Handler  stm32f4xx_it.o
    0x0800044a   0x0800044a   0x00000002   Code   RO          371    i.DebugMon_Handler  stm32f4xx_it.o
    0x0800044c   0x0800044c   0x0000000a   Code   RO          372    i.EXTI0_IRQHandler  stm32f4xx_it.o
    0x08000456   0x08000456   0x00000006   Code   RO           13    i.Error_Handler     main.o
    0x0800045c   0x0800045c   0x000000ac   Code   RO         2253    i.HAL_DMA_Abort     stm32f4xx_hal_dma.o
    0x08000508   0x08000508   0x00000028   Code   RO         2254    i.HAL_DMA_Abort_IT  stm32f4xx_hal_dma.o
    0x08000530   0x08000530   0x00000028   Code   RO         2738    i.HAL_Delay         stm32f4xx_hal.o
    0x08000558   0x08000558   0x00000048   Code   RO          373    i.HAL_GPIO_EXTI_Callback  stm32f4xx_it.o
    0x080005a0   0x080005a0   0x0000001c   Code   RO         2136    i.HAL_GPIO_EXTI_IRQHandler  stm32f4xx_hal_gpio.o
    0x080005bc   0x080005bc   0x000001f4   Code   RO         2137    i.HAL_GPIO_Init     stm32f4xx_hal_gpio.o
    0x080007b0   0x080007b0   0x0000000c   Code   RO         2141    i.HAL_GPIO_WritePin  stm32f4xx_hal_gpio.o
    0x080007bc   0x080007bc   0x0000000c   Code   RO         2744    i.HAL_GetTick       stm32f4xx_hal.o
    0x080007c8   0x080007c8   0x00000018   Code   RO         2750    i.HAL_IncTick       stm32f4xx_hal.o
    0x080007e0   0x080007e0   0x0000003c   Code   RO         2751    i.HAL_Init          stm32f4xx_hal.o
    0x0800081c   0x0800081c   0x0000004c   Code   RO         2752    i.HAL_InitTick      stm32f4xx_hal.o
    0x08000868   0x08000868   0x00000048   Code   RO          514    i.HAL_MspInit       stm32f4xx_hal_msp.o
    0x080008b0   0x080008b0   0x00000020   Code   RO         2576    i.HAL_NVIC_EnableIRQ  stm32f4xx_hal_cortex.o
    0x080008d0   0x080008d0   0x0000007c   Code   RO         2582    i.HAL_NVIC_SetPriority  stm32f4xx_hal_cortex.o
    0x0800094c   0x0800094c   0x00000028   Code   RO         2583    i.HAL_NVIC_SetPriorityGrouping  stm32f4xx_hal_cortex.o
    0x08000974   0x08000974   0x00000184   Code   RO         1685    i.HAL_RCC_ClockConfig  stm32f4xx_hal_rcc.o
    0x08000af8   0x08000af8   0x0000000c   Code   RO         1690    i.HAL_RCC_GetHCLKFreq  stm32f4xx_hal_rcc.o
    0x08000b04   0x08000b04   0x00000020   Code   RO         1692    i.HAL_RCC_GetPCLK1Freq  stm32f4xx_hal_rcc.o
    0x08000b24   0x08000b24   0x00000020   Code   RO         1693    i.HAL_RCC_GetPCLK2Freq  stm32f4xx_hal_rcc.o
    0x08000b44   0x08000b44   0x000000b0   Code   RO         1694    i.HAL_RCC_GetSysClockFreq  stm32f4xx_hal_rcc.o
    0x08000bf4   0x08000bf4   0x0000049c   Code   RO         1697    i.HAL_RCC_OscConfig  stm32f4xx_hal_rcc.o
    0x08001090   0x08001090   0x00000034   Code   RO         2587    i.HAL_SYSTICK_Config  stm32f4xx_hal_cortex.o
    0x080010c4   0x080010c4   0x00000002   Code   RO         1375    i.HAL_TIMEx_BreakCallback  stm32f4xx_hal_tim_ex.o
    0x080010c6   0x080010c6   0x00000002   Code   RO         1376    i.HAL_TIMEx_CommutCallback  stm32f4xx_hal_tim_ex.o
    0x080010c8   0x080010c8   0x000000b4   Code   RO         1394    i.HAL_TIMEx_MasterConfigSynchronization  stm32f4xx_hal_tim_ex.o
    0x0800117c   0x0800117c   0x00000066   Code   RO          541    i.HAL_TIM_Base_Init  stm32f4xx_hal_tim.o
    0x080011e2   0x080011e2   0x00000002   PAD
    0x080011e4   0x080011e4   0x000000f8   Code   RO          232    i.HAL_TIM_Base_MspInit  tim.o
    0x080012dc   0x080012dc   0x000000a8   Code   RO          546    i.HAL_TIM_Base_Start_IT  stm32f4xx_hal_tim.o
    0x08001384   0x08001384   0x0000010c   Code   RO          550    i.HAL_TIM_ConfigClockSource  stm32f4xx_hal_tim.o
    0x08001490   0x08001490   0x00000002   Code   RO          575    i.HAL_TIM_IC_CaptureCallback  stm32f4xx_hal_tim.o
    0x08001492   0x08001492   0x00000196   Code   RO          589    i.HAL_TIM_IRQHandler  stm32f4xx_hal_tim.o
    0x08001628   0x08001628   0x00000060   Code   RO          233    i.HAL_TIM_MspPostInit  tim.o
    0x08001688   0x08001688   0x00000002   Code   RO          592    i.HAL_TIM_OC_DelayElapsedCallback  stm32f4xx_hal_tim.o
    0x0800168a   0x0800168a   0x00000104   Code   RO          613    i.HAL_TIM_PWM_ConfigChannel  stm32f4xx_hal_tim.o
    0x0800178e   0x0800178e   0x00000066   Code   RO          616    i.HAL_TIM_PWM_Init  stm32f4xx_hal_tim.o
    0x080017f4   0x080017f4   0x00000034   Code   RO          235    i.HAL_TIM_PWM_MspInit  tim.o
    0x08001828   0x08001828   0x00000002   Code   RO          619    i.HAL_TIM_PWM_PulseFinishedCallback  stm32f4xx_hal_tim.o
    0x0800182a   0x0800182a   0x00000002   PAD
    0x0800182c   0x0800182c   0x0000010c   Code   RO          621    i.HAL_TIM_PWM_Start  stm32f4xx_hal_tim.o
    0x08001938   0x08001938   0x00000002   Code   RO          627    i.HAL_TIM_PeriodElapsedCallback  stm32f4xx_hal_tim.o
    0x0800193a   0x0800193a   0x00000002   Code   RO          632    i.HAL_TIM_TriggerCallback  stm32f4xx_hal_tim.o
    0x0800193c   0x0800193c   0x00000002   Code   RO         3036    i.HAL_UARTEx_RxEventCallback  stm32f4xx_hal_uart.o
    0x0800193e   0x0800193e   0x00000002   Code   RO         3040    i.HAL_UART_AbortReceiveCpltCallback  stm32f4xx_hal_uart.o
    0x08001940   0x08001940   0x000000dc   Code   RO         3041    i.HAL_UART_AbortReceive_IT  stm32f4xx_hal_uart.o
    0x08001a1c   0x08001a1c   0x00000002   Code   RO         3050    i.HAL_UART_ErrorCallback  stm32f4xx_hal_uart.o
    0x08001a1e   0x08001a1e   0x00000002   PAD
    0x08001a20   0x08001a20   0x000002e0   Code   RO         3053    i.HAL_UART_IRQHandler  stm32f4xx_hal_uart.o
    0x08001d00   0x08001d00   0x00000072   Code   RO         3054    i.HAL_UART_Init     stm32f4xx_hal_uart.o
    0x08001d72   0x08001d72   0x00000002   PAD
    0x08001d74   0x08001d74   0x00000098   Code   RO          326    i.HAL_UART_MspInit  usart.o
    0x08001e0c   0x08001e0c   0x00000042   Code   RO         3059    i.HAL_UART_Receive_IT  stm32f4xx_hal_uart.o
    0x08001e4e   0x08001e4e   0x00000002   Code   RO         3060    i.HAL_UART_RxCpltCallback  stm32f4xx_hal_uart.o
    0x08001e50   0x08001e50   0x00000002   Code   RO         3065    i.HAL_UART_TxCpltCallback  stm32f4xx_hal_uart.o
    0x08001e52   0x08001e52   0x00000004   Code   RO          374    i.HardFault_Handler  stm32f4xx_it.o
    0x08001e56   0x08001e56   0x00000002   PAD
    0x08001e58   0x08001e58   0x000001c8   Code   RO          206    i.MX_GPIO_Init      gpio.o
    0x08002020   0x08002020   0x00000070   Code   RO          236    i.MX_TIM1_Init      tim.o
    0x08002090   0x08002090   0x0000006c   Code   RO          237    i.MX_TIM2_Init      tim.o
    0x080020fc   0x080020fc   0x00000070   Code   RO          238    i.MX_TIM3_Init      tim.o
    0x0800216c   0x0800216c   0x0000006c   Code   RO          239    i.MX_TIM4_Init      tim.o
    0x080021d8   0x080021d8   0x000000ac   Code   RO          240    i.MX_TIM5_Init      tim.o
    0x08002284   0x08002284   0x00000038   Code   RO          327    i.MX_USART1_UART_Init  usart.o
    0x080022bc   0x080022bc   0x00000004   Code   RO          375    i.MemManage_Handler  stm32f4xx_it.o
    0x080022c0   0x080022c0   0x00000004   Code   RO          376    i.NMI_Handler       stm32f4xx_it.o
    0x080022c4   0x080022c4   0x00000002   Code   RO          377    i.PendSV_Handler    stm32f4xx_it.o
    0x080022c6   0x080022c6   0x00000002   Code   RO          378    i.SVC_Handler       stm32f4xx_it.o
    0x080022c8   0x080022c8   0x00000008   Code   RO          379    i.SysTick_Handler   stm32f4xx_it.o
    0x080022d0   0x080022d0   0x00000014   Code   RO         3454    i.SystemInit        system_stm32f4xx.o
    0x080022e4   0x080022e4   0x00000088   Code   RO          380    i.TIM2_IRQHandler   stm32f4xx_it.o
    0x0800236c   0x0800236c   0x00000010   Code   RO          381    i.TIM3_IRQHandler   stm32f4xx_it.o
    0x0800237c   0x0800237c   0x00000010   Code   RO          382    i.TIM4_IRQHandler   stm32f4xx_it.o
    0x0800238c   0x0800238c   0x000000d8   Code   RO          634    i.TIM_Base_SetConfig  stm32f4xx_hal_tim.o
    0x08002464   0x08002464   0x00000022   Code   RO          635    i.TIM_CCxChannelCmd  stm32f4xx_hal_tim.o
    0x08002486   0x08002486   0x00000016   Code   RO          640    i.TIM_ETR_SetConfig  stm32f4xx_hal_tim.o
    0x0800249c   0x0800249c   0x0000007c   Code   RO          641    i.TIM_OC2_SetConfig  stm32f4xx_hal_tim.o
    0x08002518   0x08002518   0x0000004a   Code   RO         3068    i.UART_Start_Receive_IT  stm32f4xx_hal_uart.o
    0x08002562   0x08002562   0x00000002   PAD
    0x08002564   0x08002564   0x00000054   Code   RO          383    i.USART1_IRQHandler  stm32f4xx_it.o
    0x080025b8   0x080025b8   0x00000004   Code   RO          384    i.UsageFault_Handler  stm32f4xx_it.o
    0x080025bc   0x080025bc   0x000000b4   Code   RO           14    i._Z18SystemClock_Configv  main.o
    0x08002670   0x08002670   0x00000006   Code   RO         3590    i._ZN3PID14set_definitionEf  pid.o
    0x08002676   0x08002676   0x00000002   PAD
    0x08002678   0x08002678   0x000000fc   Code   RO         3591    i._ZN3PID6do_pidEv  pid.o
    0x08002774   0x08002774   0x00000006   Code   RO         3592    i._ZN3PID6setnowEf  pid.o
    0x0800277a   0x0800277a   0x00000002   PAD
    0x0800277c   0x0800277c   0x00000070   Code   RO          643    i._ZN41_INTERNAL_19_stm32f4xx_hal_tim_c_a9d95b5217TIM_OC1_SetConfigEP11TIM_TypeDefP18TIM_OC_InitTypeDef  stm32f4xx_hal_tim.o
    0x080027ec   0x080027ec   0x00000078   Code   RO          644    i._ZN41_INTERNAL_19_stm32f4xx_hal_tim_c_a9d95b5217TIM_OC3_SetConfigEP11TIM_TypeDefP18TIM_OC_InitTypeDef  stm32f4xx_hal_tim.o
    0x08002864   0x08002864   0x00000054   Code   RO          645    i._ZN41_INTERNAL_19_stm32f4xx_hal_tim_c_a9d95b5217TIM_OC4_SetConfigEP11TIM_TypeDefP18TIM_OC_InitTypeDef  stm32f4xx_hal_tim.o
    0x080028b8   0x080028b8   0x00000012   Code   RO          650    i._ZN41_INTERNAL_19_stm32f4xx_hal_tim_c_a9d95b5218TIM_ITRx_SetConfigEP11TIM_TypeDefj  stm32f4xx_hal_tim.o
    0x080028ca   0x080028ca   0x00000026   Code   RO          655    i._ZN41_INTERNAL_19_stm32f4xx_hal_tim_c_a9d95b5224TIM_TI1_ConfigInputStageEP11TIM_TypeDefjj  stm32f4xx_hal_tim.o
    0x080028f0   0x080028f0   0x00000028   Code   RO          656    i._ZN41_INTERNAL_19_stm32f4xx_hal_tim_c_a9d95b5224TIM_TI2_ConfigInputStageEP11TIM_TypeDefjj  stm32f4xx_hal_tim.o
    0x08002918   0x08002918   0x0000022c   Code   RO         3070    i._ZN42_INTERNAL_20_stm32f4xx_hal_uart_c_d497114f14UART_SetConfigEP20__UART_HandleTypeDef  stm32f4xx_hal_uart.o
    0x08002b44   0x08002b44   0x000000f8   Code   RO         3071    i._ZN42_INTERNAL_20_stm32f4xx_hal_uart_c_d497114f15UART_Receive_ITEP20__UART_HandleTypeDef  stm32f4xx_hal_uart.o
    0x08002c3c   0x08002c3c   0x00000060   Code   RO         3072    i._ZN42_INTERNAL_20_stm32f4xx_hal_uart_c_d497114f16UART_Transmit_ITEP20__UART_HandleTypeDef  stm32f4xx_hal_uart.o
    0x08002c9c   0x08002c9c   0x0000006c   Code   RO         3075    i._ZN42_INTERNAL_20_stm32f4xx_hal_uart_c_d497114f18UART_EndRxTransferEP20__UART_HandleTypeDef  stm32f4xx_hal_uart.o
    0x08002d08   0x08002d08   0x00000020   Code   RO         3078    i._ZN42_INTERNAL_20_stm32f4xx_hal_uart_c_d497114f19UART_EndTransmit_ITEP20__UART_HandleTypeDef  stm32f4xx_hal_uart.o
    0x08002d28   0x08002d28   0x00000014   Code   RO         3079    i._ZN42_INTERNAL_20_stm32f4xx_hal_uart_c_d497114f20UART_DMAAbortOnErrorEP19__DMA_HandleTypeDef  stm32f4xx_hal_uart.o
    0x08002d3c   0x08002d3c   0x0000001c   Code   RO         3083    i._ZN42_INTERNAL_20_stm32f4xx_hal_uart_c_d497114f27UART_DMARxOnlyAbortCallbackEP19__DMA_HandleTypeDef  stm32f4xx_hal_uart.o
    0x08002d58   0x08002d58   0x00000028   Code   RO         2589    i._ZN44_INTERNAL_22_stm32f4xx_hal_cortex_c_2992dbc018__NVIC_SetPriorityE9IRQn_Typej  stm32f4xx_hal_cortex.o
    0x08002d80   0x08002d80   0x00000010   Code   RO         2590    i._ZN44_INTERNAL_22_stm32f4xx_hal_cortex_c_2992dbc026__NVIC_GetPriorityGroupingEv  stm32f4xx_hal_cortex.o
    0x08002d90   0x08002d90   0x00000124   Code   RO         3545    i._ZN5motor12Motor_OutputEP12GPIO_TypeDeftS1_tj  motor.o
    0x08002eb4   0x08002eb4   0x00000008   Code   RO         3546    i._ZN5motor13Motor_CounterEv  motor.o
    0x08002ebc   0x08002ebc   0x00000006   Code   RO         3547    i._ZN5motor13clear_counterEv  motor.o
    0x08002ec2   0x08002ec2   0x00000006   Code   RO         3548    i._ZN5motor14set_definitionEf  motor.o
    0x08002ec8   0x08002ec8   0x00000028   Code   RO         3549    i._ZN5motor9get_speedEv  motor.o
    0x08002ef0   0x08002ef0   0x00000084   Code   RO           54    i._ZN5motorC1Ev     main.o
    0x08002f74   0x08002f74   0x0000009e   Code   RO         3492    i._ZN7Chassis11set_all_defEv  chassis.o
    0x08003012   0x08003012   0x00000002   PAD
    0x08003014   0x08003014   0x000002ec   Code   RO         3493    i._ZN7Chassis14Move_TransfromEv  chassis.o
    0x08003300   0x08003300   0x00000046   Code   RO         3494    i._ZN7Chassis14do_motor_speedEv  chassis.o
    0x08003346   0x08003346   0x00000002   PAD
    0x08003348   0x08003348   0x0000006c   Code   RO         3495    i._ZN7Chassis15do_motor_outputEv  chassis.o
    0x080033b4   0x080033b4   0x000000a4   Code   RO           60    i._ZN7ChassisC1Eii  main.o
    0x08003458   0x08003458   0x00000024   Code   RO           15    i.__sti___6_main_c_chassis  main.o
    0x0800347c   0x0800347c   0x00000190   Code   RO           16    i.main              main.o
    0x0800360c   0x0800360c   0x00000062   Code   RO         3630    x$fpl$d2f           fz_wm.l(d2f.o)
    0x0800366e   0x0800366e   0x00000002   PAD
    0x08003670   0x08003670   0x00000150   Code   RO         3632    x$fpl$dadd          fz_wm.l(daddsub_clz.o)
    0x080037c0   0x080037c0   0x00000018   Code   RO         3710    x$fpl$dcmpinf       fz_wm.l(dcmpi.o)
    0x080037d8   0x080037d8   0x000002b0   Code   RO         3639    x$fpl$ddiv          fz_wm.l(ddiv.o)
    0x08003a88   0x08003a88   0x0000005e   Code   RO         3642    x$fpl$dfix          fz_wm.l(dfix.o)
    0x08003ae6   0x08003ae6   0x0000002e   Code   RO         3647    x$fpl$dflt          fz_wm.l(dflt_clz.o)
    0x08003b14   0x08003b14   0x00000078   Code   RO         3652    x$fpl$dleqf         fz_wm.l(dleqf.o)
    0x08003b8c   0x08003b8c   0x00000154   Code   RO         3654    x$fpl$dmul          fz_wm.l(dmul.o)
    0x08003ce0   0x08003ce0   0x0000009c   Code   RO         3712    x$fpl$dnaninf       fz_wm.l(dnaninf.o)
    0x08003d7c   0x08003d7c   0x0000000c   Code   RO         3714    x$fpl$dretinf       fz_wm.l(dretinf.o)
    0x08003d88   0x08003d88   0x0000006c   Code   RO         3656    x$fpl$drleqf        fz_wm.l(drleqf.o)
    0x08003df4   0x08003df4   0x000001d4   Code   RO         3634    x$fpl$dsub          fz_wm.l(daddsub_clz.o)
    0x08003fc8   0x08003fc8   0x00000056   Code   RO         3658    x$fpl$f2d           fz_wm.l(f2d.o)
    0x0800401e   0x0800401e   0x0000008c   Code   RO         3716    x$fpl$fnaninf       fz_wm.l(fnaninf.o)
    0x080040aa   0x080040aa   0x0000000a   Code   RO         3740    x$fpl$fpinit        fz_wm.l(fpinit.o)
    0x080040b4   0x080040b4   0x0000000a   Code   RO         3718    x$fpl$fretinf       fz_wm.l(fretinf.o)
    0x080040be   0x080040be   0x00000000   Code   RO         3720    x$fpl$usenofp       fz_wm.l(usenofp.o)
    0x080040be   0x080040be   0x00000018   Data   RO         3457    .constdata          system_stm32f4xx.o
    0x080040d6   0x080040d6   0x00000002   PAD
    0x080040d8   0x080040d8   0x00000020   Data   RO         3834    Region$$Table       anon$$obj.o
    0x080040f8   0x080040f8   0x00000004   Data   RO           23    .init_array         main.o
    0x080040fc   0x080040f8   0x00000000   Data   RO         3625    .init_array         c_w.l(init_aeabi.o)


    Execution Region RW_IRAM1 (Exec base: 0x20000000, Load base: 0x080040fc, Size: 0x00000960, Max: 0x0001c000, ABSOLUTE)

    Exec Addr    Load Addr    Size         Type   Attr      Idx    E Section Name        Object

    0x20000000   0x080040fc   0x00000010   Data   RW           22    .data               main.o
    0x20000010   0x0800410c   0x0000000c   Data   RW          401    .data               stm32f4xx_it.o
    0x2000001c   0x08004118   0x00000009   Data   RW         2785    .data               stm32f4xx_hal.o
    0x20000025   0x08004121   0x00000003   PAD
    0x20000028   0x08004124   0x00000004   Data   RW         3458    .data               system_stm32f4xx.o
    0x2000002c   0x08004128   0x00000004   PAD
    0x20000030        -       0x00000122   Zero   RW           21    .bss                main.o
    0x20000152   0x08004128   0x00000002   PAD
    0x20000154        -       0x00000168   Zero   RW          251    .bss                tim.o
    0x200002bc        -       0x00000044   Zero   RW          331    .bss                usart.o
    0x20000300        -       0x00000060   Zero   RW         3763    .bss                c_w.l(libspace.o)
    0x20000360        -       0x00000200   Zero   RW            2    HEAP                startup_stm32f407xx.o
    0x20000560        -       0x00000400   Zero   RW            1    STACK               startup_stm32f407xx.o


    Execution Region RW_IRAM2 (Exec base: 0x2001c000, Load base: 0x08004128, Size: 0x00000000, Max: 0x00004000, ABSOLUTE)

    **** No section assigned to this execution region ****


==============================================================================

Image component sizes


      Code (inc. data)   RO Data    RW Data    ZI Data      Debug   Object Name

      1084         30          0          0          0       4956   chassis.o
       456         22          0          0          0       1183   gpio.o
       918        102          4         16        290     697587   main.o
       352         26          0          0          0       3024   motor.o
       264         24          0          0          0       1600   pid.o
        64         26        392          0       1536        836   startup_stm32f407xx.o
       212         36          0          9          0       9373   stm32f4xx_hal.o
       304         22          0          0          0      34419   stm32f4xx_hal_cortex.o
       212          0          0          0          0       1963   stm32f4xx_hal_dma.o
       540         50          0          0          0       2751   stm32f4xx_hal_gpio.o
        72          4          0          0          0        866   stm32f4xx_hal_msp.o
      1820         84          0          0          0       5600   stm32f4xx_hal_rcc.o
      2392        142          0          0          0      16362   stm32f4xx_hal_tim.o
       184         30          0          0          0       2497   stm32f4xx_hal_tim_ex.o
      2308         20          0          0          0      13149   stm32f4xx_hal_uart.o
       368         40          0         12          0      10156   stm32f4xx_it.o
        20          6         24          4          0       1135   system_stm32f4xx.o
      1008         80          0          0        360       5718   tim.o
       208         22          0          0         68       1702   usart.o

    ----------------------------------------------------------------------
     12806        766        454         44       2260     814877   Object Totals
         0          0         32          0          0          0   (incl. Generated)
        20          0          2          3          6          0   (incl. Padding)

    ----------------------------------------------------------------------

      Code (inc. data)   RO Data    RW Data    ZI Data      Debug   Library Member Name

         8          0          0          0          0         68   __main.o
         0          0          0          0          0          0   __rtentry.o
        12          0          0          0          0          0   __rtentry2.o
         6          0          0          0          0          0   __rtentry4.o
        52          8          0          0          0          0   __scatter.o
        26          0          0          0          0          0   __scatter_copy.o
        28          0          0          0          0          0   __scatter_zi.o
        18          0          0          0          0         80   exit.o
         6          0          0          0          0        152   heapauxi.o
         0          0          0          0          0          0   indicate_semi.o
        36         10          0          0          0         80   init_aeabi.o
         2          0          0          0          0          0   libinit.o
        10          0          0          0          0          0   libinit2.o
         2          0          0          0          0          0   libshutdown.o
         2          0          0          0          0          0   libshutdown2.o
         8          4          0          0         96         68   libspace.o
       238          0          0          0          0        100   lludivv7m.o
        78          0          0          0          0         80   rt_memclr_w.o
         2          0          0          0          0          0   rtexit.o
        10          0          0          0          0          0   rtexit2.o
        12          4          0          0          0         68   sys_exit.o
        74          0          0          0          0         80   sys_stackheap_outer.o
         2          0          0          0          0         68   use_no_semi.o
        98          4          0          0          0        140   d2f.o
       804         16          0          0          0        368   daddsub_clz.o
        24          0          0          0          0        116   dcmpi.o
       688        140          0          0          0        256   ddiv.o
        94          4          0          0          0        140   dfix.o
        46          0          0          0          0        116   dflt_clz.o
       120          4          0          0          0        140   dleqf.o
       340         12          0          0          0        152   dmul.o
       156          4          0          0          0        140   dnaninf.o
        12          0          0          0          0        116   dretinf.o
       108          0          0          0          0        128   drleqf.o
        86          4          0          0          0        132   f2d.o
       140          4          0          0          0        132   fnaninf.o
        10          0          0          0          0        116   fpinit.o
        10          0          0          0          0        116   fretinf.o
         0          0          0          0          0          0   usenofp.o

    ----------------------------------------------------------------------
      3376        218          0          0         96       3152   Library Totals
         8          0          0          0          0          0   (incl. Padding)

    ----------------------------------------------------------------------

      Code (inc. data)   RO Data    RW Data    ZI Data      Debug   Library Name

       632         26          0          0         96        844   c_w.l
      2736        192          0          0          0       2308   fz_wm.l

    ----------------------------------------------------------------------
      3376        218          0          0         96       3152   Library Totals

    ----------------------------------------------------------------------

==============================================================================


      Code (inc. data)   RO Data    RW Data    ZI Data      Debug   

     16182        984        454         44       2356     806117   Grand Totals
     16182        984        454         44       2356     806117   ELF Image Totals
     16182        984        454         44          0          0   ROM Totals

==============================================================================

    Total RO  Size (Code + RO Data)                16636 (  16.25kB)
    Total RW  Size (RW Data + ZI Data)              2400 (   2.34kB)
    Total ROM Size (Code + RO Data + RW Data)      16680 (  16.29kB)

==============================================================================

